Archive member included to satisfy reference by file (symbol)

c:/program files/arduino/hardware/tools/avr/bin/../lib/gcc/avr/5.4.0/avr5\libgcc.a(_mulsi3.o)
                              ./arduino/WMath.o (__mulsi3)
c:/program files/arduino/hardware/tools/avr/bin/../lib/gcc/avr/5.4.0/avr5\libgcc.a(_udivmodsi4.o)
                              ./arduino/HardwareSerial.o (__udivmodsi4)
c:/program files/arduino/hardware/tools/avr/bin/../lib/gcc/avr/5.4.0/avr5\libgcc.a(_divmodsi4.o)
                              ./arduino/WMath.o (__divmodsi4)
c:/program files/arduino/hardware/tools/avr/bin/../lib/gcc/avr/5.4.0/avr5\libgcc.a(_negsi2.o)
                              c:/program files/arduino/hardware/tools/avr/bin/../lib/gcc/avr/5.4.0/avr5\libgcc.a(_divmodsi4.o) (__negsi2)
c:/program files/arduino/hardware/tools/avr/bin/../lib/gcc/avr/5.4.0/avr5\libgcc.a(_exit.o)
                              c:/program files/arduino/hardware/tools/avr/bin/../lib/gcc/avr/5.4.0/../../../../avr/lib/avr5/crtatmega328p.o (exit)
c:/program files/arduino/hardware/tools/avr/bin/../lib/gcc/avr/5.4.0/avr5\libgcc.a(_copy_data.o)
                              ./arduino/HardwareSerial.o (__do_copy_data)
c:/program files/arduino/hardware/tools/avr/bin/../lib/gcc/avr/5.4.0/avr5\libgcc.a(_clear_bss.o)
                              ./arduino/HardwareSerial0.o (__do_clear_bss)
c:/program files/arduino/hardware/tools/avr/bin/../lib/gcc/avr/5.4.0/avr5\libgcc.a(_ctors.o)
                              ./arduino/HardwareSerial0.o (__do_global_ctors)
c:/program files/arduino/hardware/tools/avr/bin/../lib/gcc/avr/5.4.0/avr5\libgcc.a(_muluhisi3.o)
                              ./arduino/Stream.o (__muluhisi3)
c:/program files/arduino/hardware/tools/avr/bin/../lib/gcc/avr/5.4.0/avr5\libgcc.a(_tablejump2.o)
                              c:/program files/arduino/hardware/tools/avr/bin/../lib/gcc/avr/5.4.0/avr5\libgcc.a(_ctors.o) (__tablejump2__)
c:/program files/arduino/hardware/tools/avr/bin/../lib/gcc/avr/5.4.0/avr5\libgcc.a(_umulhisi3.o)
                              c:/program files/arduino/hardware/tools/avr/bin/../lib/gcc/avr/5.4.0/avr5\libgcc.a(_muluhisi3.o) (__umulhisi3)
c:/program files/arduino/hardware/tools/avr/bin/../lib/gcc/avr/5.4.0/../../../../avr/lib/avr5\libm.a(addsf3.o)
                              ./arduino/Print.o (__subsf3)
c:/program files/arduino/hardware/tools/avr/bin/../lib/gcc/avr/5.4.0/../../../../avr/lib/avr5\libm.a(addsf3x.o)
                              c:/program files/arduino/hardware/tools/avr/bin/../lib/gcc/avr/5.4.0/../../../../avr/lib/avr5\libm.a(addsf3.o) (__addsf3x)
c:/program files/arduino/hardware/tools/avr/bin/../lib/gcc/avr/5.4.0/../../../../avr/lib/avr5\libm.a(cmpsf2.o)
                              ./arduino/Print.o (__ltsf2)
c:/program files/arduino/hardware/tools/avr/bin/../lib/gcc/avr/5.4.0/../../../../avr/lib/avr5\libm.a(divsf3.o)
                              ./arduino/Print.o (__divsf3)
c:/program files/arduino/hardware/tools/avr/bin/../lib/gcc/avr/5.4.0/../../../../avr/lib/avr5\libm.a(divsf3x.o)
                              c:/program files/arduino/hardware/tools/avr/bin/../lib/gcc/avr/5.4.0/../../../../avr/lib/avr5\libm.a(divsf3.o) (__divsf3x)
c:/program files/arduino/hardware/tools/avr/bin/../lib/gcc/avr/5.4.0/../../../../avr/lib/avr5\libm.a(fixunssfsi.o)
                              ./arduino/Print.o (__fixunssfsi)
c:/program files/arduino/hardware/tools/avr/bin/../lib/gcc/avr/5.4.0/../../../../avr/lib/avr5\libm.a(floatsisf.o)
                              ./arduino/Print.o (__floatunsisf)
c:/program files/arduino/hardware/tools/avr/bin/../lib/gcc/avr/5.4.0/../../../../avr/lib/avr5\libm.a(fp_cmp.o)
                              c:/program files/arduino/hardware/tools/avr/bin/../lib/gcc/avr/5.4.0/../../../../avr/lib/avr5\libm.a(cmpsf2.o) (__fp_cmp)
c:/program files/arduino/hardware/tools/avr/bin/../lib/gcc/avr/5.4.0/../../../../avr/lib/avr5\libm.a(fp_inf.o)
                              c:/program files/arduino/hardware/tools/avr/bin/../lib/gcc/avr/5.4.0/../../../../avr/lib/avr5\libm.a(addsf3x.o) (__fp_inf)
c:/program files/arduino/hardware/tools/avr/bin/../lib/gcc/avr/5.4.0/../../../../avr/lib/avr5\libm.a(fp_nan.o)
                              c:/program files/arduino/hardware/tools/avr/bin/../lib/gcc/avr/5.4.0/../../../../avr/lib/avr5\libm.a(addsf3x.o) (__fp_nan)
c:/program files/arduino/hardware/tools/avr/bin/../lib/gcc/avr/5.4.0/../../../../avr/lib/avr5\libm.a(fp_pscA.o)
                              c:/program files/arduino/hardware/tools/avr/bin/../lib/gcc/avr/5.4.0/../../../../avr/lib/avr5\libm.a(addsf3x.o) (__fp_pscA)
c:/program files/arduino/hardware/tools/avr/bin/../lib/gcc/avr/5.4.0/../../../../avr/lib/avr5\libm.a(fp_pscB.o)
                              c:/program files/arduino/hardware/tools/avr/bin/../lib/gcc/avr/5.4.0/../../../../avr/lib/avr5\libm.a(addsf3x.o) (__fp_pscB)
c:/program files/arduino/hardware/tools/avr/bin/../lib/gcc/avr/5.4.0/../../../../avr/lib/avr5\libm.a(fp_round.o)
[...]
Memory Configuration

Name             Origin             Length             Attributes
text             0x00000000         0x00020000         xr
data             0x00800060         0x0000ffa0         rw !x
eeprom           0x00810000         0x00010000         rw !x
fuse             0x00820000         0x00000003         rw !x
lock             0x00830000         0x00000400         rw !x
signature        0x00840000         0x00000400         rw !x
user_signatures  0x00850000         0x00000400         rw !x
*default*        0x00000000         0xffffffff

Linker script and memory map

Address of section .data set to 0x800100
LOAD c:/program files/arduino/hardware/tools/avr/bin/../lib/gcc/avr/5.4.0/../../../../avr/lib/avr5/crtatmega328p.o
LOAD ./arduino/CDC.o
LOAD ./arduino/HardwareSerial.o
LOAD ./arduino/HardwareSerial0.o
LOAD ./arduino/HardwareSerial1.o
LOAD ./arduino/HardwareSerial2.o
LOAD ./arduino/HardwareSerial3.o
LOAD ./arduino/IPAddress.o
LOAD ./arduino/PluggableUSB.o
LOAD ./arduino/Print.o
LOAD ./arduino/Stream.o
LOAD ./arduino/Tone.o
LOAD ./arduino/USBCore.o
LOAD ./arduino/WInterrupts.o
LOAD ./arduino/WMath.o
LOAD ./arduino/WString.o
LOAD ./arduino/abi.o
LOAD ./arduino/hooks.o
LOAD ./arduino/main.o
LOAD ./arduino/new.o
LOAD ./arduino/wiring.o
LOAD ./arduino/wiring_analog.o
LOAD ./arduino/wiring_digital.o
LOAD ./arduino/wiring_pulse.o
LOAD ./arduino/wiring_shift.o
LOAD ./Source/portable/MemMang/heap_1.o
LOAD ./Source/portable/GCC/ATMega323/port.o
LOAD ./Source/croutine.o
LOAD ./Source/event_groups.o
LOAD ./Source/list.o
LOAD ./Source/queue.o
LOAD ./Source/stream_buffer.o
LOAD ./Source/tasks.o
LOAD ./Source/timers.o
LOAD ./main.o
LOAD c:/program files/arduino/hardware/tools/avr/bin/../lib/gcc/avr/5.4.0/avr5\libgcc.a
LOAD c:/program files/arduino/hardware/tools/avr/bin/../lib/gcc/avr/5.4.0/../../../../avr/lib/avr5\libm.a
START GROUP
LOAD c:/program files/arduino/hardware/tools/avr/bin/../lib/gcc/avr/5.4.0/avr5\libgcc.a
LOAD c:/program files/arduino/hardware/tools/avr/bin/../lib/gcc/avr/5.4.0/../../../../avr/lib/avr5\libm.a
LOAD c:/program files/arduino/hardware/tools/avr/bin/../lib/gcc/avr/5.4.0/../../../../avr/lib/avr5\libc.a
LOAD c:/program files/arduino/hardware/tools/avr/bin/../lib/gcc/avr/5.4.0/../../../../avr/lib/avr5\libatmega328p.a
END GROUP
                0x00020000                __TEXT_REGION_LENGTH__ = DEFINED (__TEXT_REGION_LENGTH__)?__TEXT_REGION_LENGTH__:0x20000
                0x0000ffa0                __DATA_REGION_LENGTH__ = DEFINED (__DATA_REGION_LENGTH__)?__DATA_REGION_LENGTH__:0xffa0
                0x00010000                __EEPROM_REGION_LENGTH__ = DEFINED (__EEPROM_REGION_LENGTH__)?__EEPROM_REGION_LENGTH__:0x10000
                [0x00000003]                __FUSE_REGION_LENGTH__ = DEFINED (__FUSE_REGION_LENGTH__)?__FUSE_REGION_LENGTH__:0x400
                0x00000400                __LOCK_REGION_LENGTH__ = DEFINED (__LOCK_REGION_LENGTH__)?__LOCK_REGION_LENGTH__:0x400
                0x00000400                __SIGNATURE_REGION_LENGTH__ = DEFINED (__SIGNATURE_REGION_LENGTH__)?__SIGNATURE_REGION_LENGTH__:0x400
                0x00000400                __USER_SIGNATURE_REGION_LENGTH__ = DEFINED (__USER_SIGNATURE_REGION_LENGTH__)?__USER_SIGNATURE_REGION_LENGTH__:0x400

.hash
 *(.hash)

.dynsym
 *(.dynsym)

.dynstr
 *(.dynstr)

.gnu.version
 *(.gnu.version)

.gnu.version_d
 *(.gnu.version_d)

.gnu.version_r
 *(.gnu.version_r)

.rel.init
 *(.rel.init)

.rela.init
 *(.rela.init)

.rel.text
 *(.rel.text)
 *(.rel.text.*)
 *(.rel.gnu.linkonce.t*)

.rela.text
 *(.rela.text)
 *(.rela.text.*)
 *(.rela.gnu.linkonce.t*)

.rel.fini
 *(.rel.fini)

.rela.fini
 *(.rela.fini)

.rel.rodata
 *(.rel.rodata)
 *(.rel.rodata.*)
 *(.rel.gnu.linkonce.r*)

.rela.rodata
 *(.rela.rodata)
 *(.rela.rodata.*)
 *(.rela.gnu.linkonce.r*)

.rel.data
 *(.rel.data)
 *(.rel.data.*)
 *(.rel.gnu.linkonce.d*)

.rela.data
 *(.rela.data)
 *(.rela.data.*)
 *(.rela.gnu.linkonce.d*)

.rel.ctors
 *(.rel.ctors)

.rela.ctors
 *(.rela.ctors)

.rel.dtors
 *(.rel.dtors)

.rela.dtors
 *(.rela.dtors)

.rel.got
 *(.rel.got)

.rela.got
 *(.rela.got)

.rel.bss
 *(.rel.bss)

.rela.bss
 *(.rela.bss)

.rel.plt
 *(.rel.plt)

.rela.plt
 *(.rela.plt)

.text           0x00000000     0x12b8
 *(.vectors)
 .vectors       0x00000000       0x68 c:/program files/arduino/hardware/tools/avr/bin/../lib/gcc/avr/5.4.0/../../../../avr/lib/avr5/crtatmega328p.o
                0x00000000                __vector_default
                0x00000000                __vectors
 *(.vectors)
 *(.progmem.gcc*)
                0x00000068                . = ALIGN (0x2)
                0x00000068                __trampolines_start = .
 *(.trampolines)
 .trampolines   0x00000068        0x0 linker stubs
 *(.trampolines*)
                0x00000068                __trampolines_end = .
 *libprintf_flt.a:*(.progmem.data)
 *libc.a:*(.progmem.data)
 *(.progmem*)
 .progmem.data._ZL21tone_pin_to_timer_PGM
                0x00000068        0x1 ./arduino/Tone.o
 .progmem.data.digital_pin_to_timer_PGM
                0x00000069       0x14 ./arduino/wiring_digital.o
                0x00000069                digital_pin_to_timer_PGM
 .progmem.data.digital_pin_to_bit_mask_PGM
                0x0000007d       0x14 ./arduino/wiring_digital.o
                0x0000007d                digital_pin_to_bit_mask_PGM
 .progmem.data.digital_pin_to_port_PGM
                0x00000091       0x14 ./arduino/wiring_digital.o
                0x00000091                digital_pin_to_port_PGM
 .progmem.data.port_to_output_PGM
                0x000000a5        0xa ./arduino/wiring_digital.o
                0x000000a5                port_to_output_PGM
 .progmem.data.port_to_mode_PGM
                0x000000af        0xa ./arduino/wiring_digital.o
                0x000000af                port_to_mode_PGM
                0x000000ba                . = ALIGN (0x2)
 *fill*         0x000000b9        0x1 
 *(.jumptables)
 *(.jumptables*)
 *(.lowtext)
 *(.lowtext*)
                0x000000ba                __ctors_start = .
 *(.ctors)
 .ctors         0x000000ba        0x2 ./arduino/HardwareSerial0.o
                0x000000bc                __ctors_end = .
                0x000000bc                __dtors_start = .
 *(.dtors)
                0x000000bc                __dtors_end = .
 SORT(*)(.ctors)
 SORT(*)(.dtors)
 *(.init0)
 .init0         0x000000bc        0x0 c:/program files/arduino/hardware/tools/avr/bin/../lib/gcc/avr/5.4.0/../../../../avr/lib/avr5/crtatmega328p.o
                0x000000bc                __init
 *(.init0)
 *(.init1)
 *(.init1)
 *(.init2)
 .init2         0x000000bc        0xc c:/program files/arduino/hardware/tools/avr/bin/../lib/gcc/avr/5.4.0/../../../../avr/lib/avr5/crtatmega328p.o
 *(.init2)
 *(.init3)
 *(.init3)
 *(.init4)
 .init4         0x000000c8       0x16 c:/program files/arduino/hardware/tools/avr/bin/../lib/gcc/avr/5.4.0/avr5\libgcc.a(_copy_data.o)
                0x000000c8                __do_copy_data
 .init4         0x000000de       0x10 c:/program files/arduino/hardware/tools/avr/bin/../lib/gcc/avr/5.4.0/avr5\libgcc.a(_clear_bss.o)
                0x000000de                __do_clear_bss
 *(.init4)
 *(.init5)
 *(.init5)
 *(.init6)
 .init6         0x000000ee       0x16 c:/program files/arduino/hardware/tools/avr/bin/../lib/gcc/avr/5.4.0/avr5\libgcc.a(_ctors.o)
                0x000000ee                __do_global_ctors
 *(.init6)
 *(.init7)
 *(.init7)
 *(.init8)
 *(.init8)
 *(.init9)
 .init9         0x00000104        0x6 c:/program files/arduino/hardware/tools/avr/bin/../lib/gcc/avr/5.4.0/../../../../avr/lib/avr5/crtatmega328p.o
 *(.init9)
 *(.text)
 .text          0x0000010a        0x2 c:/program files/arduino/hardware/tools/avr/bin/../lib/gcc/avr/5.4.0/../../../../avr/lib/avr5/crtatmega328p.o
                0x0000010a                __vector_22
                0x0000010a                __vector_24
                0x0000010a                __vector_12
                0x0000010a                __bad_interrupt
                0x0000010a                __vector_6
                0x0000010a                __vector_3
                0x0000010a                __vector_23
                0x0000010a                __vector_25
                0x0000010a                __vector_13
                0x0000010a                __vector_17
                0x0000010a                __vector_5
                0x0000010a                __vector_4
                0x0000010a                __vector_9
                0x0000010a                __vector_21
                0x0000010a                __vector_15
                0x0000010a                __vector_8
                0x0000010a                __vector_14
                0x0000010a                __vector_10
                0x0000010a                __vector_20
                0x0000010c                . = ALIGN (0x2)
 *(.text.*)
 .text._ZN14HardwareSerial9availableEv
                0x0000010c       0x18 ./arduino/HardwareSerial.o
                0x0000010c                _ZN14HardwareSerial9availableEv
 .text._ZN14HardwareSerial4peekEv
                0x00000124       0x1c ./arduino/HardwareSerial.o
                0x00000124                _ZN14HardwareSerial4peekEv
 .text._ZN14HardwareSerial4readEv
                0x00000140       0x28 ./arduino/HardwareSerial.o
                0x00000140                _ZN14HardwareSerial4readEv
 .text._ZN14HardwareSerial17availableForWriteEv
                0x00000168       0x1e ./arduino/HardwareSerial.o
                0x00000168                _ZN14HardwareSerial17availableForWriteEv
 .text._Z14serialEventRunv
                0x00000186       0x1a ./arduino/HardwareSerial.o
                0x00000186                _Z14serialEventRunv
 .text._ZN14HardwareSerial17_tx_udr_empty_irqEv
                0x000001a0       0x44 ./arduino/HardwareSerial.o
                0x000001a0                _ZN14HardwareSerial17_tx_udr_empty_irqEv
 .text._ZN14HardwareSerial5writeEh
                0x000001e4       0x98 ./arduino/HardwareSerial.o
                0x000001e4                _ZN14HardwareSerial5writeEh
 .text._ZN14HardwareSerial5flushEv
                0x0000027c       0x42 ./arduino/HardwareSerial.o
                0x0000027c                _ZN14HardwareSerial5flushEv
 .text.__vector_18
                0x000002be       0x64 ./arduino/HardwareSerial0.o
                0x000002be                __vector_18
 .text.__vector_19
                0x00000322       0x4a ./arduino/HardwareSerial0.o
                0x00000322                __vector_19
 .text._Z17Serial0_availablev
                0x0000036c       0x12 ./arduino/HardwareSerial0.o
                0x0000036c                _Z17Serial0_availablev
 .text.startup._GLOBAL__sub_I___vector_18
                0x0000037e       0x5a ./arduino/HardwareSerial0.o
 .text._ZN5Print5writeEPKhj
                0x000003d8       0x54 ./arduino/Print.o
                0x000003d8                _ZN5Print5writeEPKhj
 .text._Z12disableTimerh
                0x0000042c       0x40 ./arduino/Tone.o
                0x0000042c                _Z12disableTimerh
 .text._Z6noToneh
                0x0000046c       0x26 ./arduino/Tone.o
                0x0000046c                _Z6noToneh
 .text.__vector_7
                0x00000492       0xb6 ./arduino/Tone.o
                0x00000492                __vector_7
 .text.nothing  0x00000548        0x2 ./arduino/WInterrupts.o
 .text.__vector_1
                0x0000054a       0x4e ./arduino/WInterrupts.o
                0x0000054a                __vector_1
 .text.__vector_2
                0x00000598       0x4e ./arduino/WInterrupts.o
                0x00000598                __vector_2
 .text.initVariant
                0x000005e6        0x2 ./arduino/main.o
                0x000005e6                initVariant
 .text.startup.main
                0x000005e8       0x14 ./arduino/main.o
                0x000005e8                main
 .text.__vector_16
                0x000005fc       0x94 ./arduino/wiring.o
                0x000005fc                __vector_16
 .text.init     0x00000690       0x76 ./arduino/wiring.o
                0x00000690                init
 .text.turnOffPWM
                0x00000706       0x52 ./arduino/wiring_digital.o
 .text.pinMode  0x00000758       0x78 ./arduino/wiring_digital.o
                0x00000758                pinMode
 .text.digitalWrite
                0x000007d0       0x5c ./arduino/wiring_digital.o
                0x000007d0                digitalWrite
 .text.pvPortMalloc
                0x0000082c       0x60 ./Source/portable/MemMang/heap_1.o
                0x0000082c                pvPortMalloc
 .text.vPortFree
                0x0000088c        0x2 ./Source/portable/MemMang/heap_1.o
                0x0000088c                vPortFree
 .text.pxPortInitialiseStack
                0x0000088e       0xd8 ./Source/portable/GCC/ATMega323/port.o
                0x0000088e                pxPortInitialiseStack
 .text.xPortStartScheduler
                0x00000966       0x74 ./Source/portable/GCC/ATMega323/port.o
                0x00000966                xPortStartScheduler
 .text.vPortYield
                0x000009da       0xb0 ./Source/portable/GCC/ATMega323/port.o
                0x000009da                vPortYield
 .text.vPortYieldFromTick
                0x00000a8a       0xb4 ./Source/portable/GCC/ATMega323/port.o
                0x00000a8a                vPortYieldFromTick
 .text.__vector_11
                0x00000b3e        0x4 ./Source/portable/GCC/ATMega323/port.o
                0x00000b3e                __vector_11
 .text.vListInitialise
                0x00000b42       0x1c ./Source/list.o
                0x00000b42                vListInitialise
 .text.vListInitialiseItem
                0x00000b5e        0x8 ./Source/list.o
                0x00000b5e                vListInitialiseItem
 .text.vListInsertEnd
                0x00000b66       0x42 ./Source/list.o
                0x00000b66                vListInsertEnd
 .text.vListInsert
                0x00000ba8       0x70 ./Source/list.o
                0x00000ba8                vListInsert
 .text.uxListRemove
                0x00000c18       0x48 ./Source/list.o
                0x00000c18                uxListRemove
 .text.prvResetNextTaskUnblockTime
                0x00000c60       0x36 ./Source/tasks.o
 .text.prvAddCurrentTaskToDelayedList.isra.2
                0x00000c96       0x80 ./Source/tasks.o
 .text.prvIdleTask
                0x00000d16       0x50 ./Source/tasks.o
 .text.xTaskCreate
                0x00000d66      0x1d6 ./Source/tasks.o
                0x00000d66                xTaskCreate
 .text.vTaskStartScheduler
                0x00000f3c       0x50 ./Source/tasks.o
                0x00000f3c                vTaskStartScheduler
 .text.vTaskSuspendAll
                0x00000f8c        0xc ./Source/tasks.o
                0x00000f8c                vTaskSuspendAll
 .text.xTaskIncrementTick
                0x00000f98      0x150 ./Source/tasks.o
                0x00000f98                xTaskIncrementTick
 .text.xTaskResumeAll
                0x000010e8       0xd2 ./Source/tasks.o
                0x000010e8                xTaskResumeAll
 .text.vTaskDelay
                0x000011ba       0x20 ./Source/tasks.o
                0x000011ba                vTaskDelay
 .text.vTaskSwitchContext
                0x000011da       0x86 ./Source/tasks.o
                0x000011da                vTaskSwitchContext
 .text._Z9TaskBlinkPv
                0x00001260       0x20 ./main.o
                0x00001260                _Z9TaskBlinkPv
 .text.setup    0x00001280       0x26 ./main.o
                0x00001280                setup
 .text.loop     0x000012a6        0x2 ./main.o
                0x000012a6                loop
 .text.libgcc   0x000012a8        0xc c:/program files/arduino/hardware/tools/avr/bin/../lib/gcc/avr/5.4.0/avr5\libgcc.a(_tablejump2.o)
                0x000012a8                __tablejump2__
                0x000012b4                . = ALIGN (0x2)
 *(.fini9)
 .fini9         0x000012b4        0x0 c:/program files/arduino/hardware/tools/avr/bin/../lib/gcc/avr/5.4.0/avr5\libgcc.a(_exit.o)
                0x000012b4                _exit
                0x000012b4                exit
 *(.fini9)
 *(.fini8)
 *(.fini8)
 *(.fini7)
 *(.fini7)
 *(.fini6)
 *(.fini6)
 *(.fini5)
 *(.fini5)
 *(.fini4)
 *(.fini4)
 *(.fini3)
 *(.fini3)
 *(.fini2)
 *(.fini2)
 *(.fini1)
 *(.fini1)
 *(.fini0)
 .fini0         0x000012b4        0x4 c:/program files/arduino/hardware/tools/avr/bin/../lib/gcc/avr/5.4.0/avr5\libgcc.a(_exit.o)
 *(.fini0)
                0x000012b8                _etext = .

.data           0x00800100       0x22 load address 0x000012b8
                0x00800100                PROVIDE (__data_start, .)
 *(.data)
 *(.data*)
 .data._ZL9tone_pins
                0x00800100        0x1 ./arduino/Tone.o
 .data.intFunc  0x00800101        0x4 ./arduino/WInterrupts.o
 *(.gnu.linkonce.d*)
 *(.rodata)
 *(.rodata*)
 .rodata._ZTV14HardwareSerial
                0x00800105       0x12 ./arduino/HardwareSerial.o
                0x00800105                _ZTV14HardwareSerial
 .rodata.str1.1
                0x00800117        0x5 ./Source/tasks.o
 .rodata.str1.1
                0x0080011c        0x6 ./main.o
 *(.gnu.linkonce.r*)
                0x00800122                . = ALIGN (0x2)
                0x00800122                _edata = .
                0x00800122                PROVIDE (__data_end, .)

.bss            0x00800122      0x4f6
                0x00800122                PROVIDE (__bss_start, .)
 *(.bss)
 *(.bss*)
 .bss.Serial    0x00800122       0x9d ./arduino/HardwareSerial0.o
                0x00800122                Serial
 .bss.timer2_pin_mask
                0x008001bf        0x1 ./arduino/Tone.o
                0x008001bf                timer2_pin_mask
 .bss.timer2_pin_port
                0x008001c0        0x2 ./arduino/Tone.o
                0x008001c0                timer2_pin_port
 .bss.timer2_toggle_count
                0x008001c2        0x4 ./arduino/Tone.o
                0x008001c2                timer2_toggle_count
 .bss.timer0_fract
                0x008001c6        0x1 ./arduino/wiring.o
 .bss.timer0_millis
                0x008001c7        0x4 ./arduino/wiring.o
                0x008001c7                timer0_millis
 .bss.timer0_overflow_count
                0x008001cb        0x4 ./arduino/wiring.o
                0x008001cb                timer0_overflow_count
 .bss.pucAlignedHeap.2085
                0x008001cf        0x2 ./Source/portable/MemMang/heap_1.o
 .bss.xNextFreeByte
                0x008001d1        0x2 ./Source/portable/MemMang/heap_1.o
 .bss.ucHeap    0x008001d3      0x3e8 ./Source/portable/MemMang/heap_1.o
 .bss.uxSchedulerSuspended
                0x008005bb        0x1 ./Source/tasks.o
 .bss.xIdleTaskHandle
                0x008005bc        0x2 ./Source/tasks.o
 .bss.xNextTaskUnblockTime
                0x008005be        0x2 ./Source/tasks.o
 .bss.uxTaskNumber
                0x008005c0        0x1 ./Source/tasks.o
 .bss.xNumOfOverflows
                0x008005c1        0x1 ./Source/tasks.o
 .bss.xYieldPending
                0x008005c2        0x1 ./Source/tasks.o
 .bss.uxPendedTicks
                0x008005c3        0x1 ./Source/tasks.o
 .bss.xSchedulerRunning
                0x008005c4        0x1 ./Source/tasks.o
 .bss.uxTopReadyPriority
                0x008005c5        0x1 ./Source/tasks.o
 .bss.xTickCount
                0x008005c6        0x2 ./Source/tasks.o
 .bss.uxCurrentNumberOfTasks
                0x008005c8        0x1 ./Source/tasks.o
 .bss.uxDeletedTasksWaitingCleanUp
                0x008005c9        0x1 ./Source/tasks.o
 .bss.xTasksWaitingTermination
                0x008005ca        0x9 ./Source/tasks.o
 .bss.xPendingReadyList
                0x008005d3        0x9 ./Source/tasks.o
 .bss.pxOverflowDelayedTaskList
                0x008005dc        0x2 ./Source/tasks.o
 .bss.pxDelayedTaskList
                0x008005de        0x2 ./Source/tasks.o
 .bss.xDelayedTaskList2
                0x008005e0        0x9 ./Source/tasks.o
 .bss.xDelayedTaskList1
                0x008005e9        0x9 ./Source/tasks.o
 .bss.pxReadyTasksLists
                0x008005f2       0x24 ./Source/tasks.o
 .bss.pxCurrentTCB
                0x00800616        0x2 ./Source/tasks.o
                0x00800616                pxCurrentTCB
 *(COMMON)
                0x00800618                PROVIDE (__bss_end, .)
                0x000012b8                __data_load_start = LOADADDR (.data)
                0x000012da                __data_load_end = (__data_load_start + SIZEOF (.data))

.noinit         0x00800618        0x0
                [!provide]                PROVIDE (__noinit_start, .)
 *(.noinit*)
                [!provide]                PROVIDE (__noinit_end, .)
                0x00800618                _end = .
                0x00800618                PROVIDE (__heap_start, .)

.eeprom         0x00810000        0x0
 *(.eeprom*)
                0x00810000                __eeprom_end = .

.fuse
 *(.fuse)
 *(.lfuse)
 *(.hfuse)
 *(.efuse)

.lock
 *(.lock*)

.signature
 *(.signature*)

.user_signatures
 *(.user_signatures*)

.stab
 *(.stab)

.stabstr
 *(.stabstr)

.stab.excl
 *(.stab.excl)

.stab.exclstr
 *(.stab.exclstr)

.stab.index
 *(.stab.index)

.stab.indexstr
 *(.stab.indexstr)

.comment        0x00000000       0x11
 *(.comment)
 .comment       0x00000000       0x11 ./arduino/HardwareSerial.o
                                 0x12 (size before relaxing)
 .comment       0x00000011       0x12 ./arduino/HardwareSerial0.o
 .comment       0x00000011       0x12 ./arduino/Print.o
 .comment       0x00000011       0x12 ./arduino/Tone.o
 .comment       0x00000011       0x12 ./arduino/WInterrupts.o
 .comment       0x00000011       0x12 ./arduino/main.o
 .comment       0x00000011       0x12 ./arduino/wiring.o
 .comment       0x00000011       0x12 ./arduino/wiring_digital.o
 .comment       0x00000011       0x12 ./Source/portable/MemMang/heap_1.o
 .comment       0x00000011       0x12 ./Source/portable/GCC/ATMega323/port.o
 .comment       0x00000011       0x12 ./Source/list.o
 .comment       0x00000011       0x12 ./Source/tasks.o
 .comment       0x00000011       0x12 ./main.o

.note.gnu.avr.deviceinfo
                0x00000000       0x40
 .note.gnu.avr.deviceinfo
                0x00000000       0x40 c:/program files/arduino/hardware/tools/avr/bin/../lib/gcc/avr/5.4.0/../../../../avr/lib/avr5/crtatmega328p.o

.note.gnu.build-id
 *(.note.gnu.build-id)

.debug
 *(.debug)

.line
 *(.line)

.debug_srcinfo
 *(.debug_srcinfo)

.debug_sfnames
 *(.debug_sfnames)

.debug_aranges  0x00000000       0xa0
 *(.debug_aranges)
 .debug_aranges
                0x00000000       0x20 c:/program files/arduino/hardware/tools/avr/bin/../lib/gcc/avr/5.4.0/avr5\libgcc.a(_exit.o)
 .debug_aranges
                0x00000020       0x20 c:/program files/arduino/hardware/tools/avr/bin/../lib/gcc/avr/5.4.0/avr5\libgcc.a(_copy_data.o)
 .debug_aranges
                0x00000040       0x20 c:/program files/arduino/hardware/tools/avr/bin/../lib/gcc/avr/5.4.0/avr5\libgcc.a(_clear_bss.o)
 .debug_aranges
                0x00000060       0x20 c:/program files/arduino/hardware/tools/avr/bin/../lib/gcc/avr/5.4.0/avr5\libgcc.a(_ctors.o)
 .debug_aranges
                0x00000080       0x20 c:/program files/arduino/hardware/tools/avr/bin/../lib/gcc/avr/5.4.0/avr5\libgcc.a(_tablejump2.o)

.debug_pubnames
 *(.debug_pubnames)

.debug_info     0x00000000      0x99b
 *(.debug_info .gnu.linkonce.wi.*)
 .debug_info    0x00000000      0x5f4 c:/program files/arduino/hardware/tools/avr/bin/../lib/gcc/avr/5.4.0/../../../../avr/lib/avr5/crtatmega328p.o
 .debug_info    0x000005f4       0xbb c:/program files/arduino/hardware/tools/avr/bin/../lib/gcc/avr/5.4.0/avr5\libgcc.a(_exit.o)
 .debug_info    0x000006af       0xbb c:/program files/arduino/hardware/tools/avr/bin/../lib/gcc/avr/5.4.0/avr5\libgcc.a(_copy_data.o)
 .debug_info    0x0000076a       0xbb c:/program files/arduino/hardware/tools/avr/bin/../lib/gcc/avr/5.4.0/avr5\libgcc.a(_clear_bss.o)
 .debug_info    0x00000825       0xbb c:/program files/arduino/hardware/tools/avr/bin/../lib/gcc/avr/5.4.0/avr5\libgcc.a(_ctors.o)
 .debug_info    0x000008e0       0xbb c:/program files/arduino/hardware/tools/avr/bin/../lib/gcc/avr/5.4.0/avr5\libgcc.a(_tablejump2.o)

.debug_abbrev   0x00000000      0x606
 *(.debug_abbrev)
 .debug_abbrev  0x00000000      0x5a2 c:/program files/arduino/hardware/tools/avr/bin/../lib/gcc/avr/5.4.0/../../../../avr/lib/avr5/crtatmega328p.o
 .debug_abbrev  0x000005a2       0x14 c:/program files/arduino/hardware/tools/avr/bin/../lib/gcc/avr/5.4.0/avr5\libgcc.a(_exit.o)
 .debug_abbrev  0x000005b6       0x14 c:/program files/arduino/hardware/tools/avr/bin/../lib/gcc/avr/5.4.0/avr5\libgcc.a(_copy_data.o)
 .debug_abbrev  0x000005ca       0x14 c:/program files/arduino/hardware/tools/avr/bin/../lib/gcc/avr/5.4.0/avr5\libgcc.a(_clear_bss.o)
 .debug_abbrev  0x000005de       0x14 c:/program files/arduino/hardware/tools/avr/bin/../lib/gcc/avr/5.4.0/avr5\libgcc.a(_ctors.o)
 .debug_abbrev  0x000005f2       0x14 c:/program files/arduino/hardware/tools/avr/bin/../lib/gcc/avr/5.4.0/avr5\libgcc.a(_tablejump2.o)

.debug_line     0x00000000      0x2a6
 *(.debug_line .debug_line.* .debug_line_end)
 .debug_line    0x00000000       0x1a c:/program files/arduino/hardware/tools/avr/bin/../lib/gcc/avr/5.4.0/../../../../avr/lib/avr5/crtatmega328p.o
 .debug_line    0x0000001a       0x62 c:/program files/arduino/hardware/tools/avr/bin/../lib/gcc/avr/5.4.0/avr5\libgcc.a(_exit.o)
 .debug_line    0x0000007c       0x98 c:/program files/arduino/hardware/tools/avr/bin/../lib/gcc/avr/5.4.0/avr5\libgcc.a(_copy_data.o)
 .debug_line    0x00000114       0x86 c:/program files/arduino/hardware/tools/avr/bin/../lib/gcc/avr/5.4.0/avr5\libgcc.a(_clear_bss.o)
 .debug_line    0x0000019a       0x92 c:/program files/arduino/hardware/tools/avr/bin/../lib/gcc/avr/5.4.0/avr5\libgcc.a(_ctors.o)
 .debug_line    0x0000022c       0x7a c:/program files/arduino/hardware/tools/avr/bin/../lib/gcc/avr/5.4.0/avr5\libgcc.a(_tablejump2.o)

.debug_frame
 *(.debug_frame)

.debug_str      0x00000000      0x208
 *(.debug_str)
 .debug_str     0x00000000      0x208 c:/program files/arduino/hardware/tools/avr/bin/../lib/gcc/avr/5.4.0/../../../../avr/lib/avr5/crtatmega328p.o

.debug_loc
 *(.debug_loc)

.debug_macinfo
 *(.debug_macinfo)

.debug_weaknames
 *(.debug_weaknames)

.debug_funcnames
 *(.debug_funcnames)

.debug_typenames
 *(.debug_typenames)

.debug_varnames
 *(.debug_varnames)

.debug_pubtypes
 *(.debug_pubtypes)

.debug_ranges
 *(.debug_ranges)

.debug_macro
 *(.debug_macro)
OUTPUT(CG2271_Project.elf elf32-avr)
LOAD linker stubs

Cross Reference Table

Symbol                                            File
Serial                                            ./arduino/HardwareSerial0.o
_Z10TaskSerialPv                                  ./main.o
_Z10randomSeedm                                   ./arduino/WMath.o
_Z11serialEventv                                  ./arduino/HardwareSerial.o
_Z12disableTimerh                                 ./arduino/Tone.o
_Z14serialEventRunv                               ./arduino/HardwareSerial.o
                                                  ./arduino/main.o
_Z17Serial0_availablev                            ./arduino/HardwareSerial0.o
                                                  ./arduino/HardwareSerial.o
_Z3maplllll                                       ./arduino/WMath.o
_Z4tonehjm                                        ./arduino/Tone.o
_Z6noToneh                                        ./arduino/Tone.o
_Z6randoml                                        ./arduino/WMath.o
_Z6randomll                                       ./arduino/WMath.o
_Z8makeWordhh                                     ./arduino/WMath.o
_Z8makeWordj                                      ./arduino/WMath.o
_Z8setupUSBv                                      ./arduino/main.o
_Z9TaskAudioPv                                    ./main.o
_Z9TaskBlinkPv                                    ./main.o
_Z9TaskMotorPv                                    ./main.o
_ZN14HardwareSerial17_tx_udr_empty_irqEv          ./arduino/HardwareSerial.o
                                                  ./arduino/HardwareSerial0.o
_ZN14HardwareSerial17availableForWriteEv          ./arduino/HardwareSerial.o
_ZN14HardwareSerial3endEv                         ./arduino/HardwareSerial.o
_ZN14HardwareSerial4peekEv                        ./arduino/HardwareSerial.o
_ZN14HardwareSerial4readEv                        ./arduino/HardwareSerial.o
_ZN14HardwareSerial5beginEmh                      ./arduino/HardwareSerial.o
_ZN14HardwareSerial5flushEv                       ./arduino/HardwareSerial.o
_ZN14HardwareSerial5writeEh                       ./arduino/HardwareSerial.o
_ZN14HardwareSerial9availableEv                   ./arduino/HardwareSerial.o
                                                  ./arduino/HardwareSerial0.o
_ZN5Print10printFloatEdh                          ./arduino/Print.o
_ZN5Print11printNumberEmh                         ./arduino/Print.o
_ZN5Print17availableForWriteEv                    ./arduino/HardwareSerial0.o
                                                  ./arduino/Print.o
_ZN5Print5flushEv                                 ./arduino/HardwareSerial0.o
                                                  ./arduino/Print.o
_ZN5Print5printEPK19__FlashStringHelper           ./arduino/Print.o
_ZN5Print5printEPKc                               ./arduino/Print.o
_ZN5Print5printERK6String                         ./arduino/Print.o
_ZN5Print5printERK9Printable                      ./arduino/Print.o
_ZN5Print5printEc                                 ./arduino/Print.o
                                                  ./arduino/IPAddress.o
_ZN5Print5printEdi                                ./arduino/Print.o
_ZN5Print5printEhi                                ./arduino/Print.o
                                                  ./arduino/IPAddress.o
_ZN5Print5printEii                                ./arduino/Print.o
_ZN5Print5printEji                                ./arduino/Print.o
_ZN5Print5printEli                                ./arduino/Print.o
_ZN5Print5printEmi                                ./arduino/Print.o
_ZN5Print5writeEPKc                               ./arduino/Print.o
_ZN5Print5writeEPKhj                              ./arduino/Print.o
                                                  ./arduino/HardwareSerial.o
_ZN5Print7printlnEPK19__FlashStringHelper         ./arduino/Print.o
_ZN5Print7printlnEPKc                             ./arduino/Print.o
_ZN5Print7printlnERK6String                       ./arduino/Print.o
_ZN5Print7printlnERK9Printable                    ./arduino/Print.o
_ZN5Print7printlnEc                               ./arduino/Print.o
_ZN5Print7printlnEdi                              ./arduino/Print.o
_ZN5Print7printlnEhi                              ./arduino/Print.o
_ZN5Print7printlnEii                              ./arduino/Print.o
_ZN5Print7printlnEji                              ./arduino/Print.o
_ZN5Print7printlnEli                              ./arduino/Print.o
_ZN5Print7printlnEmi                              ./arduino/Print.o
_ZN5Print7printlnEv                               ./arduino/Print.o
_ZN6Stream10parseFloatE13LookaheadModec           ./arduino/Stream.o
_ZN6Stream10readStringEv                          ./arduino/Stream.o
_ZN6Stream10setTimeoutEm                          ./arduino/Stream.o
_ZN6Stream13peekNextDigitE13LookaheadModeb        ./arduino/Stream.o
_ZN6Stream14readBytesUntilEcPcj                   ./arduino/Stream.o
_ZN6Stream15readStringUntilEc                     ./arduino/Stream.o
_ZN6Stream4findEPc                                ./arduino/Stream.o
_ZN6Stream4findEPcj                               ./arduino/Stream.o
_ZN6Stream8parseIntE13LookaheadModec              ./arduino/Stream.o
_ZN6Stream9findMultiEPNS_11MultiTargetEi          ./arduino/Stream.o
_ZN6Stream9findUntilEPcS0_                        ./arduino/Stream.o
_ZN6Stream9findUntilEPcjS0_j                      ./arduino/Stream.o
_ZN6Stream9readBytesEPcj                          ./arduino/Stream.o
_ZN6Stream9timedPeekEv                            ./arduino/Stream.o
_ZN6Stream9timedReadEv                            ./arduino/Stream.o
_ZN6String10invalidateEv                          ./arduino/WString.o
_ZN6String11toLowerCaseEv                         ./arduino/WString.o
_ZN6String11toUpperCaseEv                         ./arduino/WString.o
_ZN6String12changeBufferEj                        ./arduino/WString.o
_ZN6String4copyEPK19__FlashStringHelperj          ./arduino/WString.o
_ZN6String4copyEPKcj                              ./arduino/WString.o
_ZN6String4trimEv                                 ./arduino/WString.o
_ZN6String6concatEPK19__FlashStringHelper         ./arduino/WString.o
_ZN6String6concatEPKc                             ./arduino/WString.o
_ZN6String6concatEPKcj                            ./arduino/WString.o
_ZN6String6concatERKS_                            ./arduino/WString.o
_ZN6String6concatEc                               ./arduino/WString.o
                                                  ./arduino/Stream.o
_ZN6String6concatEd                               ./arduino/WString.o
_ZN6String6concatEf                               ./arduino/WString.o
_ZN6String6concatEh                               ./arduino/WString.o
_ZN6String6concatEi                               ./arduino/WString.o
_ZN6String6concatEj                               ./arduino/WString.o
_ZN6String6concatEl                               ./arduino/WString.o
_ZN6String6concatEm                               ./arduino/WString.o
_ZN6String6removeEj                               ./arduino/WString.o
_ZN6String6removeEjj                              ./arduino/WString.o
_ZN6String7replaceERKS_S1_                        ./arduino/WString.o
_ZN6String7replaceEcc                             ./arduino/WString.o
_ZN6String7reserveEj                              ./arduino/WString.o
_ZN6String9setCharAtEjc                           ./arduino/WString.o
_ZN6StringC1EPK19__FlashStringHelper              ./arduino/WString.o
_ZN6StringC1EPKc                                  ./arduino/WString.o
                                                  ./arduino/Stream.o
_ZN6StringC1ERKS_                                 ./arduino/WString.o
_ZN6StringC1Ec                                    ./arduino/WString.o
_ZN6StringC1Edh                                   ./arduino/WString.o
_ZN6StringC1Efh                                   ./arduino/WString.o
_ZN6StringC1Ehh                                   ./arduino/WString.o
_ZN6StringC1Eih                                   ./arduino/WString.o
_ZN6StringC1Ejh                                   ./arduino/WString.o
_ZN6StringC1Elh                                   ./arduino/WString.o
_ZN6StringC1Emh                                   ./arduino/WString.o
_ZN6StringC2EPK19__FlashStringHelper              ./arduino/WString.o
_ZN6StringC2EPKc                                  ./arduino/WString.o
_ZN6StringC2ERKS_                                 ./arduino/WString.o
_ZN6StringC2Ec                                    ./arduino/WString.o
_ZN6StringC2Edh                                   ./arduino/WString.o
_ZN6StringC2Efh                                   ./arduino/WString.o
_ZN6StringC2Ehh                                   ./arduino/WString.o
_ZN6StringC2Eih                                   ./arduino/WString.o
_ZN6StringC2Ejh                                   ./arduino/WString.o
_ZN6StringC2Elh                                   ./arduino/WString.o
_ZN6StringC2Emh                                   ./arduino/WString.o
_ZN6StringD1Ev                                    ./arduino/WString.o
_ZN6StringD2Ev                                    ./arduino/WString.o
_ZN6StringaSEPK19__FlashStringHelper              ./arduino/WString.o
_ZN6StringaSEPKc                                  ./arduino/WString.o
_ZN6StringaSERKS_                                 ./arduino/WString.o
_ZN6StringixEj                                    ./arduino/WString.o
_ZN9IPAddress10fromStringEPKc                     ./arduino/IPAddress.o
_ZN9IPAddressC1EPKh                               ./arduino/IPAddress.o
_ZN9IPAddressC1Ehhhh                              ./arduino/IPAddress.o
_ZN9IPAddressC1Em                                 ./arduino/IPAddress.o
_ZN9IPAddressC1Ev                                 ./arduino/IPAddress.o
_ZN9IPAddressC2EPKh                               ./arduino/IPAddress.o
_ZN9IPAddressC2Ehhhh                              ./arduino/IPAddress.o
_ZN9IPAddressC2Em                                 ./arduino/IPAddress.o
_ZN9IPAddressC2Ev                                 ./arduino/IPAddress.o
_ZN9IPAddressaSEPKh                               ./arduino/IPAddress.o
_ZN9IPAddressaSEm                                 ./arduino/IPAddress.o
_ZNK6String10startsWithERKS_                      ./arduino/WString.o
_ZNK6String10startsWithERKS_j                     ./arduino/WString.o
_ZNK6String11lastIndexOfERKS_                     ./arduino/WString.o
_ZNK6String11lastIndexOfERKS_j                    ./arduino/WString.o
_ZNK6String11lastIndexOfEc                        ./arduino/WString.o
_ZNK6String11lastIndexOfEcj                       ./arduino/WString.o
_ZNK6String16equalsIgnoreCaseERKS_                ./arduino/WString.o
_ZNK6String5toIntEv                               ./arduino/WString.o
_ZNK6String6charAtEj                              ./arduino/WString.o
_ZNK6String6equalsEPKc                            ./arduino/WString.o
_ZNK6String6equalsERKS_                           ./arduino/WString.o
_ZNK6String7indexOfERKS_                          ./arduino/WString.o
_ZNK6String7indexOfERKS_j                         ./arduino/WString.o
_ZNK6String7indexOfEc                             ./arduino/WString.o
_ZNK6String7indexOfEcj                            ./arduino/WString.o
_ZNK6String7toFloatEv                             ./arduino/WString.o
_ZNK6String8endsWithERKS_                         ./arduino/WString.o
_ZNK6String8getBytesEPhjj                         ./arduino/WString.o
_ZNK6String8toDoubleEv                            ./arduino/WString.o
_ZNK6String9compareToERKS_                        ./arduino/WString.o
_ZNK6String9substringEjj                          ./arduino/WString.o
_ZNK6StringgeERKS_                                ./arduino/WString.o
_ZNK6StringgtERKS_                                ./arduino/WString.o
_ZNK6StringixEj                                   ./arduino/WString.o
_ZNK6StringleERKS_                                ./arduino/WString.o
_ZNK6StringltERKS_                                ./arduino/WString.o
_ZNK9IPAddress7printToER5Print                    ./arduino/IPAddress.o
_ZNK9IPAddresseqEPKh                              ./arduino/IPAddress.o
_ZTV14HardwareSerial                              ./arduino/HardwareSerial.o
                                                  ./arduino/HardwareSerial0.o
_ZTV5Print                                        ./arduino/Print.o
_ZTV9IPAddress                                    ./arduino/IPAddress.o
_ZdaPv                                            ./arduino/new.o
_ZdlPv                                            ./arduino/new.o
_Znaj                                             ./arduino/new.o
_Znwj                                             ./arduino/new.o
_ZplRK15StringSumHelperPK19__FlashStringHelper    ./arduino/WString.o
_ZplRK15StringSumHelperPKc                        ./arduino/WString.o
_ZplRK15StringSumHelperRK6String                  ./arduino/WString.o
_ZplRK15StringSumHelperc                          ./arduino/WString.o
_ZplRK15StringSumHelperd                          ./arduino/WString.o
_ZplRK15StringSumHelperf                          ./arduino/WString.o
_ZplRK15StringSumHelperh                          ./arduino/WString.o
_ZplRK15StringSumHelperi                          ./arduino/WString.o
_ZplRK15StringSumHelperj                          ./arduino/WString.o
_ZplRK15StringSumHelperl                          ./arduino/WString.o
_ZplRK15StringSumHelperm                          ./arduino/WString.o
__FUSE_REGION_LENGTH__                            c:/program files/arduino/hardware/tools/avr/bin/../lib/gcc/avr/5.4.0/../../../../avr/lib/avr5/crtatmega328p.o
__addsf3                                          c:/program files/arduino/hardware/tools/avr/bin/../lib/gcc/avr/5.4.0/../../../../avr/lib/avr5\libm.a(addsf3.o)
                                                  ./arduino/Print.o
__addsf3x                                         c:/program files/arduino/hardware/tools/avr/bin/../lib/gcc/avr/5.4.0/../../../../avr/lib/avr5\libm.a(addsf3x.o)
                                                  c:/program files/arduino/hardware/tools/avr/bin/../lib/gcc/avr/5.4.0/../../../../avr/lib/avr5\libm.a(addsf3.o)
__bad_interrupt                                   c:/program files/arduino/hardware/tools/avr/bin/../lib/gcc/avr/5.4.0/../../../../avr/lib/avr5/crtatmega328p.o
__brkval                                          c:/program files/arduino/hardware/tools/avr/bin/../lib/gcc/avr/5.4.0/../../../../avr/lib/avr5\libc.a(malloc.o)
                                                  c:/program files/arduino/hardware/tools/avr/bin/../lib/gcc/avr/5.4.0/../../../../avr/lib/avr5\libc.a(realloc.o)
__bss_end                                         c:/program files/arduino/hardware/tools/avr/bin/../lib/gcc/avr/5.4.0/avr5\libgcc.a(_clear_bss.o)
__bss_start                                       c:/program files/arduino/hardware/tools/avr/bin/../lib/gcc/avr/5.4.0/avr5\libgcc.a(_clear_bss.o)
__cmpsf2                                          c:/program files/arduino/hardware/tools/avr/bin/../lib/gcc/avr/5.4.0/../../../../avr/lib/avr5\libm.a(cmpsf2.o)
__ctors_end                                       c:/program files/arduino/hardware/tools/avr/bin/../lib/gcc/avr/5.4.0/avr5\libgcc.a(_ctors.o)
__ctors_start                                     c:/program files/arduino/hardware/tools/avr/bin/../lib/gcc/avr/5.4.0/avr5\libgcc.a(_ctors.o)
__ctype_isfalse                                   c:/program files/arduino/hardware/tools/avr/bin/../lib/gcc/avr/5.4.0/../../../../avr/lib/avr5\libc.a(cty_isfalse.o)
                                                  c:/program files/arduino/hardware/tools/avr/bin/../lib/gcc/avr/5.4.0/../../../../avr/lib/avr5\libc.a(isspace.o)
__ctype_istrue                                    c:/program files/arduino/hardware/tools/avr/bin/../lib/gcc/avr/5.4.0/../../../../avr/lib/avr5\libc.a(cty_isfalse.o)
__cxa_deleted_virtual                             ./arduino/abi.o
__cxa_pure_virtual                                ./arduino/abi.o
                                                  ./arduino/Print.o
__data_end                                        c:/program files/arduino/hardware/tools/avr/bin/../lib/gcc/avr/5.4.0/avr5\libgcc.a(_copy_data.o)
__data_load_start                                 c:/program files/arduino/hardware/tools/avr/bin/../lib/gcc/avr/5.4.0/avr5\libgcc.a(_copy_data.o)
__data_start                                      c:/program files/arduino/hardware/tools/avr/bin/../lib/gcc/avr/5.4.0/avr5\libgcc.a(_copy_data.o)
__divmodsi4                                       c:/program files/arduino/hardware/tools/avr/bin/../lib/gcc/avr/5.4.0/avr5\libgcc.a(_divmodsi4.o)
                                                  c:/program files/arduino/hardware/tools/avr/bin/../lib/gcc/avr/5.4.0/../../../../avr/lib/avr5\libc.a(random.o)
                                                  ./arduino/WMath.o
__divsf3                                          c:/program files/arduino/hardware/tools/avr/bin/../lib/gcc/avr/5.4.0/../../../../avr/lib/avr5\libm.a(divsf3.o)
                                                  ./arduino/Print.o
__divsf3_pse                                      c:/program files/arduino/hardware/tools/avr/bin/../lib/gcc/avr/5.4.0/../../../../avr/lib/avr5\libm.a(divsf3x.o)
__divsf3x                                         c:/program files/arduino/hardware/tools/avr/bin/../lib/gcc/avr/5.4.0/../../../../avr/lib/avr5\libm.a(divsf3x.o)
                                                  c:/program files/arduino/hardware/tools/avr/bin/../lib/gcc/avr/5.4.0/../../../../avr/lib/avr5\libm.a(divsf3.o)
__do_clear_bss                                    c:/program files/arduino/hardware/tools/avr/bin/../lib/gcc/avr/5.4.0/avr5\libgcc.a(_clear_bss.o)
                                                  c:/program files/arduino/hardware/tools/avr/bin/../lib/gcc/avr/5.4.0/../../../../avr/lib/avr5\libc.a(errno.o)
                                                  c:/program files/arduino/hardware/tools/avr/bin/../lib/gcc/avr/5.4.0/../../../../avr/lib/avr5\libc.a(malloc.o)
                                                  ./Source/tasks.o
                                                  ./Source/croutine.o
                                                  ./Source/portable/MemMang/heap_1.o
                                                  ./arduino/wiring.o
                                                  ./arduino/WString.o
                                                  ./arduino/Tone.o
                                                  ./arduino/HardwareSerial0.o
__do_copy_data                                    c:/program files/arduino/hardware/tools/avr/bin/../lib/gcc/avr/5.4.0/avr5\libgcc.a(_copy_data.o)
                                                  c:/program files/arduino/hardware/tools/avr/bin/../lib/gcc/avr/5.4.0/../../../../avr/lib/avr5\libc.a(random.o)
                                                  c:/program files/arduino/hardware/tools/avr/bin/../lib/gcc/avr/5.4.0/../../../../avr/lib/avr5\libc.a(malloc.o)
                                                  ./main.o
                                                  ./Source/tasks.o
                                                  ./arduino/wiring_analog.o
                                                  ./arduino/WString.o
                                                  ./arduino/WInterrupts.o
                                                  ./arduino/Tone.o
                                                  ./arduino/Stream.o
                                                  ./arduino/Print.o
                                                  ./arduino/IPAddress.o
                                                  ./arduino/HardwareSerial.o
__do_global_ctors                                 c:/program files/arduino/hardware/tools/avr/bin/../lib/gcc/avr/5.4.0/avr5\libgcc.a(_ctors.o)
                                                  ./arduino/HardwareSerial0.o
__epilogue_restores__                             c:/program files/arduino/hardware/tools/avr/bin/../lib/gcc/avr/5.4.0/avr5\libgcc.a(_epilogue.o)
                                                  c:/program files/arduino/hardware/tools/avr/bin/../lib/gcc/avr/5.4.0/../../../../avr/lib/avr5\libc.a(strtod.o)
                                                  c:/program files/arduino/hardware/tools/avr/bin/../lib/gcc/avr/5.4.0/../../../../avr/lib/avr5\libc.a(dtoa_prf.o)
                                                  c:/program files/arduino/hardware/tools/avr/bin/../lib/gcc/avr/5.4.0/../../../../avr/lib/avr5\libc.a(realloc.o)
__eqsf2                                           c:/program files/arduino/hardware/tools/avr/bin/../lib/gcc/avr/5.4.0/../../../../avr/lib/avr5\libm.a(cmpsf2.o)
                                                  c:/program files/arduino/hardware/tools/avr/bin/../lib/gcc/avr/5.4.0/../../../../avr/lib/avr5\libc.a(strtod.o)
__fixunssfsi                                      c:/program files/arduino/hardware/tools/avr/bin/../lib/gcc/avr/5.4.0/../../../../avr/lib/avr5\libm.a(fixunssfsi.o)
                                                  ./arduino/Print.o
__floatsisf                                       c:/program files/arduino/hardware/tools/avr/bin/../lib/gcc/avr/5.4.0/../../../../avr/lib/avr5\libm.a(floatsisf.o)
                                                  ./arduino/Stream.o
__floatunsisf                                     c:/program files/arduino/hardware/tools/avr/bin/../lib/gcc/avr/5.4.0/../../../../avr/lib/avr5\libm.a(floatsisf.o)
                                                  c:/program files/arduino/hardware/tools/avr/bin/../lib/gcc/avr/5.4.0/../../../../avr/lib/avr5\libc.a(strtod.o)
                                                  ./arduino/Print.o
__flp                                             c:/program files/arduino/hardware/tools/avr/bin/../lib/gcc/avr/5.4.0/../../../../avr/lib/avr5\libc.a(malloc.o)
                                                  c:/program files/arduino/hardware/tools/avr/bin/../lib/gcc/avr/5.4.0/../../../../avr/lib/avr5\libc.a(realloc.o)
__fp_cmp                                          c:/program files/arduino/hardware/tools/avr/bin/../lib/gcc/avr/5.4.0/../../../../avr/lib/avr5\libm.a(fp_cmp.o)
                                                  c:/program files/arduino/hardware/tools/avr/bin/../lib/gcc/avr/5.4.0/../../../../avr/lib/avr5\libm.a(unordsf2.o)
                                                  c:/program files/arduino/hardware/tools/avr/bin/../lib/gcc/avr/5.4.0/../../../../avr/lib/avr5\libm.a(gesf2.o)
                                                  c:/program files/arduino/hardware/tools/avr/bin/../lib/gcc/avr/5.4.0/../../../../avr/lib/avr5\libm.a(cmpsf2.o)
__fp_inf                                          c:/program files/arduino/hardware/tools/avr/bin/../lib/gcc/avr/5.4.0/../../../../avr/lib/avr5\libm.a(fp_inf.o)
                                                  c:/program files/arduino/hardware/tools/avr/bin/../lib/gcc/avr/5.4.0/../../../../avr/lib/avr5\libm.a(mulsf3x.o)
                                                  c:/program files/arduino/hardware/tools/avr/bin/../lib/gcc/avr/5.4.0/../../../../avr/lib/avr5\libm.a(divsf3x.o)
                                                  c:/program files/arduino/hardware/tools/avr/bin/../lib/gcc/avr/5.4.0/../../../../avr/lib/avr5\libm.a(addsf3x.o)
__fp_nan                                          c:/program files/arduino/hardware/tools/avr/bin/../lib/gcc/avr/5.4.0/../../../../avr/lib/avr5\libm.a(fp_nan.o)
                                                  c:/program files/arduino/hardware/tools/avr/bin/../lib/gcc/avr/5.4.0/../../../../avr/lib/avr5\libm.a(mulsf3x.o)
                                                  c:/program files/arduino/hardware/tools/avr/bin/../lib/gcc/avr/5.4.0/../../../../avr/lib/avr5\libm.a(divsf3x.o)
                                                  c:/program files/arduino/hardware/tools/avr/bin/../lib/gcc/avr/5.4.0/../../../../avr/lib/avr5\libm.a(addsf3x.o)
__fp_pscA                                         c:/program files/arduino/hardware/tools/avr/bin/../lib/gcc/avr/5.4.0/../../../../avr/lib/avr5\libm.a(fp_pscA.o)
                                                  c:/program files/arduino/hardware/tools/avr/bin/../lib/gcc/avr/5.4.0/../../../../avr/lib/avr5\libm.a(mulsf3x.o)
                                                  c:/program files/arduino/hardware/tools/avr/bin/../lib/gcc/avr/5.4.0/../../../../avr/lib/avr5\libm.a(divsf3x.o)
                                                  c:/program files/arduino/hardware/tools/avr/bin/../lib/gcc/avr/5.4.0/../../../../avr/lib/avr5\libm.a(addsf3x.o)
__fp_pscB                                         c:/program files/arduino/hardware/tools/avr/bin/../lib/gcc/avr/5.4.0/../../../../avr/lib/avr5\libm.a(fp_pscB.o)
                                                  c:/program files/arduino/hardware/tools/avr/bin/../lib/gcc/avr/5.4.0/../../../../avr/lib/avr5\libm.a(mulsf3x.o)
                                                  c:/program files/arduino/hardware/tools/avr/bin/../lib/gcc/avr/5.4.0/../../../../avr/lib/avr5\libm.a(divsf3x.o)
                                                  c:/program files/arduino/hardware/tools/avr/bin/../lib/gcc/avr/5.4.0/../../../../avr/lib/avr5\libm.a(addsf3x.o)
__fp_round                                        c:/program files/arduino/hardware/tools/avr/bin/../lib/gcc/avr/5.4.0/../../../../avr/lib/avr5\libm.a(fp_round.o)
                                                  c:/program files/arduino/hardware/tools/avr/bin/../lib/gcc/avr/5.4.0/../../../../avr/lib/avr5\libm.a(mulsf3.o)
                                                  c:/program files/arduino/hardware/tools/avr/bin/../lib/gcc/avr/5.4.0/../../../../avr/lib/avr5\libm.a(divsf3.o)
                                                  c:/program files/arduino/hardware/tools/avr/bin/../lib/gcc/avr/5.4.0/../../../../avr/lib/avr5\libm.a(addsf3.o)
__fp_split3                                       c:/program files/arduino/hardware/tools/avr/bin/../lib/gcc/avr/5.4.0/../../../../avr/lib/avr5\libm.a(fp_split3.o)
                                                  c:/program files/arduino/hardware/tools/avr/bin/../lib/gcc/avr/5.4.0/../../../../avr/lib/avr5\libm.a(mulsf3x.o)
                                                  c:/program files/arduino/hardware/tools/avr/bin/../lib/gcc/avr/5.4.0/../../../../avr/lib/avr5\libm.a(divsf3x.o)
                                                  c:/program files/arduino/hardware/tools/avr/bin/../lib/gcc/avr/5.4.0/../../../../avr/lib/avr5\libm.a(addsf3x.o)
__fp_splitA                                       c:/program files/arduino/hardware/tools/avr/bin/../lib/gcc/avr/5.4.0/../../../../avr/lib/avr5\libm.a(fp_split3.o)
                                                  c:/program files/arduino/hardware/tools/avr/bin/../lib/gcc/avr/5.4.0/../../../../avr/lib/avr5\libm.a(fixunssfsi.o)
__fp_szero                                        c:/program files/arduino/hardware/tools/avr/bin/../lib/gcc/avr/5.4.0/../../../../avr/lib/avr5\libm.a(fp_zero.o)
                                                  c:/program files/arduino/hardware/tools/avr/bin/../lib/gcc/avr/5.4.0/../../../../avr/lib/avr5\libm.a(mulsf3x.o)
                                                  c:/program files/arduino/hardware/tools/avr/bin/../lib/gcc/avr/5.4.0/../../../../avr/lib/avr5\libm.a(divsf3x.o)
__fp_zero                                         c:/program files/arduino/hardware/tools/avr/bin/../lib/gcc/avr/5.4.0/../../../../avr/lib/avr5\libm.a(fp_zero.o)
                                                  c:/program files/arduino/hardware/tools/avr/bin/../lib/gcc/avr/5.4.0/../../../../avr/lib/avr5\libm.a(fixunssfsi.o)
                                                  c:/program files/arduino/hardware/tools/avr/bin/../lib/gcc/avr/5.4.0/../../../../avr/lib/avr5\libm.a(addsf3x.o)
__ftoa_engine                                     c:/program files/arduino/hardware/tools/avr/bin/../lib/gcc/avr/5.4.0/../../../../avr/lib/avr5\libc.a(ftoa_engine.o)
                                                  c:/program files/arduino/hardware/tools/avr/bin/../lib/gcc/avr/5.4.0/../../../../avr/lib/avr5\libc.a(dtoa_prf.o)
__gesf2                                           c:/program files/arduino/hardware/tools/avr/bin/../lib/gcc/avr/5.4.0/../../../../avr/lib/avr5\libm.a(gesf2.o)
__gtsf2                                           c:/program files/arduino/hardware/tools/avr/bin/../lib/gcc/avr/5.4.0/../../../../avr/lib/avr5\libm.a(gesf2.o)
                                                  ./arduino/Print.o
__heap_end                                        c:/program files/arduino/hardware/tools/avr/bin/../lib/gcc/avr/5.4.0/../../../../avr/lib/avr5/crtatmega328p.o
                                                  c:/program files/arduino/hardware/tools/avr/bin/../lib/gcc/avr/5.4.0/../../../../avr/lib/avr5\libc.a(malloc.o)
__heap_start                                      c:/program files/arduino/hardware/tools/avr/bin/../lib/gcc/avr/5.4.0/../../../../avr/lib/avr5\libc.a(malloc.o)
__init                                            c:/program files/arduino/hardware/tools/avr/bin/../lib/gcc/avr/5.4.0/../../../../avr/lib/avr5/crtatmega328p.o
__itoa                                            c:/program files/arduino/hardware/tools/avr/bin/../lib/gcc/avr/5.4.0/../../../../avr/lib/avr5\libc.a(itoa.o)
                                                  ./arduino/WString.o
__itoa_ncheck                                     c:/program files/arduino/hardware/tools/avr/bin/../lib/gcc/avr/5.4.0/../../../../avr/lib/avr5\libc.a(itoa_ncheck.o)
                                                  c:/program files/arduino/hardware/tools/avr/bin/../lib/gcc/avr/5.4.0/../../../../avr/lib/avr5\libc.a(itoa.o)
__lesf2                                           c:/program files/arduino/hardware/tools/avr/bin/../lib/gcc/avr/5.4.0/../../../../avr/lib/avr5\libm.a(cmpsf2.o)
                                                  ./arduino/Print.o
__ltoa                                            c:/program files/arduino/hardware/tools/avr/bin/../lib/gcc/avr/5.4.0/../../../../avr/lib/avr5\libc.a(ltoa.o)
                                                  ./arduino/WString.o
__ltoa_ncheck                                     c:/program files/arduino/hardware/tools/avr/bin/../lib/gcc/avr/5.4.0/../../../../avr/lib/avr5\libc.a(ltoa_ncheck.o)
                                                  c:/program files/arduino/hardware/tools/avr/bin/../lib/gcc/avr/5.4.0/../../../../avr/lib/avr5\libc.a(ltoa.o)
__ltsf2                                           c:/program files/arduino/hardware/tools/avr/bin/../lib/gcc/avr/5.4.0/../../../../avr/lib/avr5\libm.a(cmpsf2.o)
                                                  ./arduino/Print.o
__malloc_heap_end                                 c:/program files/arduino/hardware/tools/avr/bin/../lib/gcc/avr/5.4.0/../../../../avr/lib/avr5\libc.a(malloc.o)
                                                  c:/program files/arduino/hardware/tools/avr/bin/../lib/gcc/avr/5.4.0/../../../../avr/lib/avr5\libc.a(realloc.o)
__malloc_heap_start                               c:/program files/arduino/hardware/tools/avr/bin/../lib/gcc/avr/5.4.0/../../../../avr/lib/avr5\libc.a(malloc.o)
__malloc_margin                                   c:/program files/arduino/hardware/tools/avr/bin/../lib/gcc/avr/5.4.0/../../../../avr/lib/avr5\libc.a(malloc.o)
                                                  c:/program files/arduino/hardware/tools/avr/bin/../lib/gcc/avr/5.4.0/../../../../avr/lib/avr5\libc.a(realloc.o)
__mulohisi3                                       c:/program files/arduino/hardware/tools/avr/bin/../lib/gcc/avr/5.4.0/avr5\libgcc.a(_mulshisi3.o)
                                                  c:/program files/arduino/hardware/tools/avr/bin/../lib/gcc/avr/5.4.0/../../../../avr/lib/avr5\libc.a(random.o)
__mulsf3                                          c:/program files/arduino/hardware/tools/avr/bin/../lib/gcc/avr/5.4.0/../../../../avr/lib/avr5\libm.a(mulsf3.o)
                                                  c:/program files/arduino/hardware/tools/avr/bin/../lib/gcc/avr/5.4.0/../../../../avr/lib/avr5\libc.a(strtod.o)
                                                  ./arduino/Stream.o
                                                  ./arduino/Print.o
__mulsf3_pse                                      c:/program files/arduino/hardware/tools/avr/bin/../lib/gcc/avr/5.4.0/../../../../avr/lib/avr5\libm.a(mulsf3x.o)
__mulsf3x                                         c:/program files/arduino/hardware/tools/avr/bin/../lib/gcc/avr/5.4.0/../../../../avr/lib/avr5\libm.a(mulsf3x.o)
                                                  c:/program files/arduino/hardware/tools/avr/bin/../lib/gcc/avr/5.4.0/../../../../avr/lib/avr5\libm.a(mulsf3.o)
__mulshisi3                                       c:/program files/arduino/hardware/tools/avr/bin/../lib/gcc/avr/5.4.0/avr5\libgcc.a(_mulshisi3.o)
__mulsi3                                          c:/program files/arduino/hardware/tools/avr/bin/../lib/gcc/avr/5.4.0/avr5\libgcc.a(_mulsi3.o)
                                                  ./arduino/WMath.o
__mulsi_const_10                                  c:/program files/arduino/hardware/tools/avr/bin/../lib/gcc/avr/5.4.0/../../../../avr/lib/avr5\libc.a(mulsi10.o)
                                                  c:/program files/arduino/hardware/tools/avr/bin/../lib/gcc/avr/5.4.0/../../../../avr/lib/avr5\libc.a(atol.o)
__muluhisi3                                       c:/program files/arduino/hardware/tools/avr/bin/../lib/gcc/avr/5.4.0/avr5\libgcc.a(_muluhisi3.o)
                                                  c:/program files/arduino/hardware/tools/avr/bin/../lib/gcc/avr/5.4.0/avr5\libgcc.a(_mulshisi3.o)
                                                  c:/program files/arduino/hardware/tools/avr/bin/../lib/gcc/avr/5.4.0/../../../../avr/lib/avr5\libc.a(strtod.o)
                                                  c:/program files/arduino/hardware/tools/avr/bin/../lib/gcc/avr/5.4.0/../../../../avr/lib/avr5\libc.a(random.o)
                                                  c:/program files/arduino/hardware/tools/avr/bin/../lib/gcc/avr/5.4.0/avr5\libgcc.a(_mulsi3.o)
                                                  ./arduino/Tone.o
                                                  ./arduino/Stream.o
__negsi2                                          c:/program files/arduino/hardware/tools/avr/bin/../lib/gcc/avr/5.4.0/avr5\libgcc.a(_negsi2.o)
                                                  c:/program files/arduino/hardware/tools/avr/bin/../lib/gcc/avr/5.4.0/avr5\libgcc.a(_divmodsi4.o)
__nesf2                                           c:/program files/arduino/hardware/tools/avr/bin/../lib/gcc/avr/5.4.0/../../../../avr/lib/avr5\libm.a(cmpsf2.o)
                                                  c:/program files/arduino/hardware/tools/avr/bin/../lib/gcc/avr/5.4.0/../../../../avr/lib/avr5\libc.a(strtod.o)
__prologue_saves__                                c:/program files/arduino/hardware/tools/avr/bin/../lib/gcc/avr/5.4.0/avr5\libgcc.a(_prologue.o)
                                                  c:/program files/arduino/hardware/tools/avr/bin/../lib/gcc/avr/5.4.0/../../../../avr/lib/avr5\libc.a(strtod.o)
                                                  c:/program files/arduino/hardware/tools/avr/bin/../lib/gcc/avr/5.4.0/../../../../avr/lib/avr5\libc.a(dtoa_prf.o)
                                                  c:/program files/arduino/hardware/tools/avr/bin/../lib/gcc/avr/5.4.0/../../../../avr/lib/avr5\libc.a(realloc.o)
__stack                                           c:/program files/arduino/hardware/tools/avr/bin/../lib/gcc/avr/5.4.0/../../../../avr/lib/avr5/crtatmega328p.o
__strlen_P                                        c:/program files/arduino/hardware/tools/avr/bin/../lib/gcc/avr/5.4.0/../../../../avr/lib/avr5\libc.a(strlen_P.o)
                                                  ./arduino/WString.o
__subsf3                                          c:/program files/arduino/hardware/tools/avr/bin/../lib/gcc/avr/5.4.0/../../../../avr/lib/avr5\libm.a(addsf3.o)
                                                  ./arduino/Print.o
__tablejump2__                                    c:/program files/arduino/hardware/tools/avr/bin/../lib/gcc/avr/5.4.0/avr5\libgcc.a(_tablejump2.o)
                                                  c:/program files/arduino/hardware/tools/avr/bin/../lib/gcc/avr/5.4.0/avr5\libgcc.a(_ctors.o)
__udivmodsi4                                      c:/program files/arduino/hardware/tools/avr/bin/../lib/gcc/avr/5.4.0/avr5\libgcc.a(_udivmodsi4.o)
                                                  c:/program files/arduino/hardware/tools/avr/bin/../lib/gcc/avr/5.4.0/avr5\libgcc.a(_divmodsi4.o)
                                                  ./arduino/Tone.o
                                                  ./arduino/Print.o
                                                  ./arduino/HardwareSerial.o
__ultoa                                           c:/program files/arduino/hardware/tools/avr/bin/../lib/gcc/avr/5.4.0/../../../../avr/lib/avr5\libc.a(ultoa.o)
                                                  ./arduino/WString.o
__ultoa_common                                    c:/program files/arduino/hardware/tools/avr/bin/../lib/gcc/avr/5.4.0/../../../../avr/lib/avr5\libc.a(ultoa_ncheck.o)
                                                  c:/program files/arduino/hardware/tools/avr/bin/../lib/gcc/avr/5.4.0/../../../../avr/lib/avr5\libc.a(ltoa_ncheck.o)
__ultoa_ncheck                                    c:/program files/arduino/hardware/tools/avr/bin/../lib/gcc/avr/5.4.0/../../../../avr/lib/avr5\libc.a(ultoa_ncheck.o)
                                                  c:/program files/arduino/hardware/tools/avr/bin/../lib/gcc/avr/5.4.0/../../../../avr/lib/avr5\libc.a(ultoa.o)
__umulhisi3                                       c:/program files/arduino/hardware/tools/avr/bin/../lib/gcc/avr/5.4.0/avr5\libgcc.a(_umulhisi3.o)
                                                  c:/program files/arduino/hardware/tools/avr/bin/../lib/gcc/avr/5.4.0/avr5\libgcc.a(_muluhisi3.o)
__unordsf2                                        c:/program files/arduino/hardware/tools/avr/bin/../lib/gcc/avr/5.4.0/../../../../avr/lib/avr5\libm.a(unordsf2.o)
                                                  ./arduino/Print.o
__utoa                                            c:/program files/arduino/hardware/tools/avr/bin/../lib/gcc/avr/5.4.0/../../../../avr/lib/avr5\libc.a(utoa.o)
                                                  ./arduino/WString.o
__utoa_common                                     c:/program files/arduino/hardware/tools/avr/bin/../lib/gcc/avr/5.4.0/../../../../avr/lib/avr5\libc.a(utoa_ncheck.o)
                                                  c:/program files/arduino/hardware/tools/avr/bin/../lib/gcc/avr/5.4.0/../../../../avr/lib/avr5\libc.a(itoa_ncheck.o)
__utoa_ncheck                                     c:/program files/arduino/hardware/tools/avr/bin/../lib/gcc/avr/5.4.0/../../../../avr/lib/avr5\libc.a(utoa_ncheck.o)
                                                  c:/program files/arduino/hardware/tools/avr/bin/../lib/gcc/avr/5.4.0/../../../../avr/lib/avr5\libc.a(utoa.o)
__vector_1                                        ./arduino/WInterrupts.o
                                                  c:/program files/arduino/hardware/tools/avr/bin/../lib/gcc/avr/5.4.0/../../../../avr/lib/avr5/crtatmega328p.o
__vector_10                                       c:/program files/arduino/hardware/tools/avr/bin/../lib/gcc/avr/5.4.0/../../../../avr/lib/avr5/crtatmega328p.o
__vector_11                                       ./Source/portable/GCC/ATMega323/port.o
                                                  c:/program files/arduino/hardware/tools/avr/bin/../lib/gcc/avr/5.4.0/../../../../avr/lib/avr5/crtatmega328p.o
__vector_12                                       c:/program files/arduino/hardware/tools/avr/bin/../lib/gcc/avr/5.4.0/../../../../avr/lib/avr5/crtatmega328p.o
__vector_13                                       c:/program files/arduino/hardware/tools/avr/bin/../lib/gcc/avr/5.4.0/../../../../avr/lib/avr5/crtatmega328p.o
__vector_14                                       c:/program files/arduino/hardware/tools/avr/bin/../lib/gcc/avr/5.4.0/../../../../avr/lib/avr5/crtatmega328p.o
__vector_15                                       c:/program files/arduino/hardware/tools/avr/bin/../lib/gcc/avr/5.4.0/../../../../avr/lib/avr5/crtatmega328p.o
__vector_16                                       ./arduino/wiring.o
                                                  c:/program files/arduino/hardware/tools/avr/bin/../lib/gcc/avr/5.4.0/../../../../avr/lib/avr5/crtatmega328p.o
__vector_17                                       c:/program files/arduino/hardware/tools/avr/bin/../lib/gcc/avr/5.4.0/../../../../avr/lib/avr5/crtatmega328p.o
__vector_18                                       ./arduino/HardwareSerial0.o
                                                  c:/program files/arduino/hardware/tools/avr/bin/../lib/gcc/avr/5.4.0/../../../../avr/lib/avr5/crtatmega328p.o
__vector_19                                       ./arduino/HardwareSerial0.o
                                                  c:/program files/arduino/hardware/tools/avr/bin/../lib/gcc/avr/5.4.0/../../../../avr/lib/avr5/crtatmega328p.o
__vector_2                                        ./arduino/WInterrupts.o
                                                  c:/program files/arduino/hardware/tools/avr/bin/../lib/gcc/avr/5.4.0/../../../../avr/lib/avr5/crtatmega328p.o
__vector_20                                       c:/program files/arduino/hardware/tools/avr/bin/../lib/gcc/avr/5.4.0/../../../../avr/lib/avr5/crtatmega328p.o
__vector_21                                       c:/program files/arduino/hardware/tools/avr/bin/../lib/gcc/avr/5.4.0/../../../../avr/lib/avr5/crtatmega328p.o
__vector_22                                       c:/program files/arduino/hardware/tools/avr/bin/../lib/gcc/avr/5.4.0/../../../../avr/lib/avr5/crtatmega328p.o
__vector_23                                       c:/program files/arduino/hardware/tools/avr/bin/../lib/gcc/avr/5.4.0/../../../../avr/lib/avr5/crtatmega328p.o
__vector_24                                       c:/program files/arduino/hardware/tools/avr/bin/../lib/gcc/avr/5.4.0/../../../../avr/lib/avr5/crtatmega328p.o
__vector_25                                       c:/program files/arduino/hardware/tools/avr/bin/../lib/gcc/avr/5.4.0/../../../../avr/lib/avr5/crtatmega328p.o
__vector_3                                        c:/program files/arduino/hardware/tools/avr/bin/../lib/gcc/avr/5.4.0/../../../../avr/lib/avr5/crtatmega328p.o
__vector_4                                        c:/program files/arduino/hardware/tools/avr/bin/../lib/gcc/avr/5.4.0/../../../../avr/lib/avr5/crtatmega328p.o
__vector_5                                        c:/program files/arduino/hardware/tools/avr/bin/../lib/gcc/avr/5.4.0/../../../../avr/lib/avr5/crtatmega328p.o
__vector_6                                        c:/program files/arduino/hardware/tools/avr/bin/../lib/gcc/avr/5.4.0/../../../../avr/lib/avr5/crtatmega328p.o
__vector_7                                        ./arduino/Tone.o
                                                  c:/program files/arduino/hardware/tools/avr/bin/../lib/gcc/avr/5.4.0/../../../../avr/lib/avr5/crtatmega328p.o
__vector_8                                        c:/program files/arduino/hardware/tools/avr/bin/../lib/gcc/avr/5.4.0/../../../../avr/lib/avr5/crtatmega328p.o
__vector_9                                        c:/program files/arduino/hardware/tools/avr/bin/../lib/gcc/avr/5.4.0/../../../../avr/lib/avr5/crtatmega328p.o
__vector_default                                  c:/program files/arduino/hardware/tools/avr/bin/../lib/gcc/avr/5.4.0/../../../../avr/lib/avr5/crtatmega328p.o
__vectors                                         c:/program files/arduino/hardware/tools/avr/bin/../lib/gcc/avr/5.4.0/../../../../avr/lib/avr5/crtatmega328p.o
_exit                                             c:/program files/arduino/hardware/tools/avr/bin/../lib/gcc/avr/5.4.0/avr5\libgcc.a(_exit.o)
                                                  c:/program files/arduino/hardware/tools/avr/bin/../lib/gcc/avr/5.4.0/../../../../avr/lib/avr5\libc.a(abort.o)
abort                                             c:/program files/arduino/hardware/tools/avr/bin/../lib/gcc/avr/5.4.0/../../../../avr/lib/avr5\libc.a(abort.o)
                                                  ./arduino/abi.o
analogRead                                        ./arduino/wiring_analog.o
analogReference                                   ./arduino/wiring_analog.o
analogWrite                                       ./arduino/wiring_analog.o
analog_reference                                  ./arduino/wiring_analog.o
atexit                                            ./arduino/main.o
atof                                              c:/program files/arduino/hardware/tools/avr/bin/../lib/gcc/avr/5.4.0/../../../../avr/lib/avr5\libc.a(atof.o)
                                                  ./arduino/WString.o
atol                                              c:/program files/arduino/hardware/tools/avr/bin/../lib/gcc/avr/5.4.0/../../../../avr/lib/avr5\libc.a(atol.o)
                                                  ./arduino/WString.o
attachInterrupt                                   ./arduino/WInterrupts.o
countPulseASM                                     ./arduino/wiring_pulse.o
delay                                             ./arduino/wiring.o
delayMicroseconds                                 ./arduino/wiring.o
detachInterrupt                                   ./arduino/WInterrupts.o
digitalRead                                       ./arduino/wiring_digital.o
                                                  ./arduino/wiring_shift.o
digitalWrite                                      ./arduino/wiring_digital.o
                                                  ./main.o
                                                  ./arduino/wiring_shift.o
                                                  ./arduino/wiring_analog.o
                                                  ./arduino/Tone.o
digital_pin_to_bit_mask_PGM                       ./arduino/wiring_digital.o
                                                  ./arduino/wiring_pulse.o
                                                  ./arduino/Tone.o
digital_pin_to_port_PGM                           ./arduino/wiring_digital.o
                                                  ./arduino/wiring_pulse.o
                                                  ./arduino/Tone.o
digital_pin_to_timer_PGM                          ./arduino/wiring_digital.o
                                                  ./arduino/wiring_analog.o
dtoa_prf                                          c:/program files/arduino/hardware/tools/avr/bin/../lib/gcc/avr/5.4.0/../../../../avr/lib/avr5\libc.a(dtoa_prf.o)
                                                  c:/program files/arduino/hardware/tools/avr/bin/../lib/gcc/avr/5.4.0/../../../../avr/lib/avr5\libc.a(dtostrf.o)
dtostrf                                           c:/program files/arduino/hardware/tools/avr/bin/../lib/gcc/avr/5.4.0/../../../../avr/lib/avr5\libc.a(dtostrf.o)
                                                  ./arduino/WString.o
errno                                             c:/program files/arduino/hardware/tools/avr/bin/../lib/gcc/avr/5.4.0/../../../../avr/lib/avr5\libc.a(errno.o)
                                                  c:/program files/arduino/hardware/tools/avr/bin/../lib/gcc/avr/5.4.0/../../../../avr/lib/avr5\libc.a(strtod.o)
exit                                              c:/program files/arduino/hardware/tools/avr/bin/../lib/gcc/avr/5.4.0/avr5\libgcc.a(_exit.o)
                                                  c:/program files/arduino/hardware/tools/avr/bin/../lib/gcc/avr/5.4.0/../../../../avr/lib/avr5/crtatmega328p.o
free                                              c:/program files/arduino/hardware/tools/avr/bin/../lib/gcc/avr/5.4.0/../../../../avr/lib/avr5\libc.a(malloc.o)
                                                  c:/program files/arduino/hardware/tools/avr/bin/../lib/gcc/avr/5.4.0/../../../../avr/lib/avr5\libc.a(realloc.o)
                                                  ./arduino/new.o
                                                  ./arduino/WString.o
init                                              ./arduino/wiring.o
                                                  ./arduino/main.o
initVariant                                       ./arduino/main.o
isspace                                           c:/program files/arduino/hardware/tools/avr/bin/../lib/gcc/avr/5.4.0/../../../../avr/lib/avr5\libc.a(isspace.o)
                                                  c:/program files/arduino/hardware/tools/avr/bin/../lib/gcc/avr/5.4.0/../../../../avr/lib/avr5\libc.a(strtod.o)
                                                  ./arduino/WString.o
itoa                                              c:/program files/arduino/hardware/tools/avr/bin/../lib/gcc/avr/5.4.0/../../../../avr/lib/avr5\libc.a(itoa.o)
                                                  ./arduino/WString.o
loop                                              ./main.o
                                                  ./arduino/main.o
ltoa                                              c:/program files/arduino/hardware/tools/avr/bin/../lib/gcc/avr/5.4.0/../../../../avr/lib/avr5\libc.a(ltoa.o)
                                                  ./arduino/WString.o
main                                              ./arduino/main.o
                                                  c:/program files/arduino/hardware/tools/avr/bin/../lib/gcc/avr/5.4.0/../../../../avr/lib/avr5/crtatmega328p.o
malloc                                            c:/program files/arduino/hardware/tools/avr/bin/../lib/gcc/avr/5.4.0/../../../../avr/lib/avr5\libc.a(malloc.o)
                                                  c:/program files/arduino/hardware/tools/avr/bin/../lib/gcc/avr/5.4.0/../../../../avr/lib/avr5\libc.a(realloc.o)
                                                  ./arduino/new.o
memcmp                                            c:/program files/arduino/hardware/tools/avr/bin/../lib/gcc/avr/5.4.0/../../../../avr/lib/avr5\libc.a(memcmp.o)
                                                  ./arduino/IPAddress.o
memcpy                                            c:/program files/arduino/hardware/tools/avr/bin/../lib/gcc/avr/5.4.0/../../../../avr/lib/avr5\libc.a(memcpy.o)
                                                  c:/program files/arduino/hardware/tools/avr/bin/../lib/gcc/avr/5.4.0/../../../../avr/lib/avr5\libc.a(memmove.o)
                                                  c:/program files/arduino/hardware/tools/avr/bin/../lib/gcc/avr/5.4.0/../../../../avr/lib/avr5\libc.a(realloc.o)
                                                  ./Source/stream_buffer.o
                                                  ./Source/queue.o
                                                  ./arduino/WString.o
memmove                                           c:/program files/arduino/hardware/tools/avr/bin/../lib/gcc/avr/5.4.0/../../../../avr/lib/avr5\libc.a(memmove.o)
                                                  ./arduino/WString.o
micros                                            ./arduino/wiring.o
                                                  ./arduino/wiring_pulse.o
millis                                            ./arduino/wiring.o
                                                  ./arduino/Stream.o
pcTaskGetName                                     ./Source/tasks.o
pinMode                                           ./arduino/wiring_digital.o
                                                  ./main.o
                                                  ./arduino/wiring_analog.o
                                                  ./arduino/Tone.o
port_to_input_PGM                                 ./arduino/wiring_digital.o
                                                  ./arduino/wiring_pulse.o
port_to_mode_PGM                                  ./arduino/wiring_digital.o
port_to_output_PGM                                ./arduino/wiring_digital.o
                                                  ./arduino/Tone.o
pulseIn                                           ./arduino/wiring_pulse.o
pulseInLong                                       ./arduino/wiring_pulse.o
pvPortMalloc                                      ./Source/portable/MemMang/heap_1.o
                                                  ./Source/tasks.o
                                                  ./Source/stream_buffer.o
                                                  ./Source/queue.o
                                                  ./Source/event_groups.o
                                                  ./Source/croutine.o
pxCurrentCoRoutine                                ./Source/croutine.o
pxCurrentTCB                                      ./Source/tasks.o
                                                  ./Source/portable/GCC/ATMega323/port.o
pxPortInitialiseStack                             ./Source/portable/GCC/ATMega323/port.o
                                                  ./Source/tasks.o
random                                            c:/program files/arduino/hardware/tools/avr/bin/../lib/gcc/avr/5.4.0/../../../../avr/lib/avr5\libc.a(random.o)
                                                  ./arduino/WMath.o
random_r                                          c:/program files/arduino/hardware/tools/avr/bin/../lib/gcc/avr/5.4.0/../../../../avr/lib/avr5\libc.a(random.o)
realloc                                           c:/program files/arduino/hardware/tools/avr/bin/../lib/gcc/avr/5.4.0/../../../../avr/lib/avr5\libc.a(realloc.o)
                                                  ./arduino/WString.o
setup                                             ./main.o
                                                  ./arduino/main.o
shiftIn                                           ./arduino/wiring_shift.o
shiftOut                                          ./arduino/wiring_shift.o
srandom                                           c:/program files/arduino/hardware/tools/avr/bin/../lib/gcc/avr/5.4.0/../../../../avr/lib/avr5\libc.a(random.o)
                                                  ./arduino/WMath.o
strchr                                            c:/program files/arduino/hardware/tools/avr/bin/../lib/gcc/avr/5.4.0/../../../../avr/lib/avr5\libc.a(strchr.o)
                                                  ./arduino/WString.o
strcmp                                            c:/program files/arduino/hardware/tools/avr/bin/../lib/gcc/avr/5.4.0/../../../../avr/lib/avr5\libc.a(strcmp.o)
                                                  ./arduino/WString.o
strcpy                                            c:/program files/arduino/hardware/tools/avr/bin/../lib/gcc/avr/5.4.0/../../../../avr/lib/avr5\libc.a(strcpy.o)
                                                  ./arduino/WString.o
strcpy_P                                          c:/program files/arduino/hardware/tools/avr/bin/../lib/gcc/avr/5.4.0/../../../../avr/lib/avr5\libc.a(strcpy_P.o)
                                                  ./arduino/WString.o
strncasecmp_P                                     c:/program files/arduino/hardware/tools/avr/bin/../lib/gcc/avr/5.4.0/../../../../avr/lib/avr5\libc.a(strncasecmp_P.o)
                                                  c:/program files/arduino/hardware/tools/avr/bin/../lib/gcc/avr/5.4.0/../../../../avr/lib/avr5\libc.a(strtod.o)
strncmp                                           c:/program files/arduino/hardware/tools/avr/bin/../lib/gcc/avr/5.4.0/../../../../avr/lib/avr5\libc.a(strncmp.o)
                                                  ./arduino/WString.o
strncpy                                           c:/program files/arduino/hardware/tools/avr/bin/../lib/gcc/avr/5.4.0/../../../../avr/lib/avr5\libc.a(strncpy.o)
                                                  ./arduino/WString.o
strrchr                                           c:/program files/arduino/hardware/tools/avr/bin/../lib/gcc/avr/5.4.0/../../../../avr/lib/avr5\libc.a(strrchr.o)
                                                  ./arduino/WString.o
strrev                                            c:/program files/arduino/hardware/tools/avr/bin/../lib/gcc/avr/5.4.0/../../../../avr/lib/avr5\libc.a(strrev.o)
                                                  c:/program files/arduino/hardware/tools/avr/bin/../lib/gcc/avr/5.4.0/../../../../avr/lib/avr5\libc.a(utoa_ncheck.o)
                                                  c:/program files/arduino/hardware/tools/avr/bin/../lib/gcc/avr/5.4.0/../../../../avr/lib/avr5\libc.a(ultoa_ncheck.o)
strstr                                            c:/program files/arduino/hardware/tools/avr/bin/../lib/gcc/avr/5.4.0/../../../../avr/lib/avr5\libc.a(strstr.o)
                                                  ./arduino/WString.o
strtod                                            c:/program files/arduino/hardware/tools/avr/bin/../lib/gcc/avr/5.4.0/../../../../avr/lib/avr5\libc.a(strtod.o)
                                                  c:/program files/arduino/hardware/tools/avr/bin/../lib/gcc/avr/5.4.0/../../../../avr/lib/avr5\libc.a(atof.o)
timer0_millis                                     ./arduino/wiring.o
timer0_overflow_count                             ./arduino/wiring.o
timer0_pin_mask                                   ./arduino/Tone.o
timer0_pin_port                                   ./arduino/Tone.o
timer0_toggle_count                               ./arduino/Tone.o
timer1_pin_mask                                   ./arduino/Tone.o
timer1_pin_port                                   ./arduino/Tone.o
timer1_toggle_count                               ./arduino/Tone.o
timer2_pin_mask                                   ./arduino/Tone.o
timer2_pin_port                                   ./arduino/Tone.o
timer2_toggle_count                               ./arduino/Tone.o
tolower                                           c:/program files/arduino/hardware/tools/avr/bin/../lib/gcc/avr/5.4.0/../../../../avr/lib/avr5\libc.a(tolower.o)
                                                  ./arduino/WString.o
toupper                                           c:/program files/arduino/hardware/tools/avr/bin/../lib/gcc/avr/5.4.0/../../../../avr/lib/avr5\libc.a(toupper.o)
                                                  ./arduino/WString.o
ulTaskNotifyTake                                  ./Source/tasks.o
ultoa                                             c:/program files/arduino/hardware/tools/avr/bin/../lib/gcc/avr/5.4.0/../../../../avr/lib/avr5\libc.a(ultoa.o)
                                                  ./arduino/WString.o
utoa                                              c:/program files/arduino/hardware/tools/avr/bin/../lib/gcc/avr/5.4.0/../../../../avr/lib/avr5\libc.a(utoa.o)
                                                  ./arduino/WString.o
uxListRemove                                      ./Source/list.o
                                                  ./Source/tasks.o
                                                  ./Source/croutine.o
uxQueueMessagesWaiting                            ./Source/queue.o
uxQueueMessagesWaitingFromISR                     ./Source/queue.o
uxQueueSpacesAvailable                            ./Source/queue.o
uxTaskGetNumberOfTasks                            ./Source/tasks.o
uxTaskResetEventItemValue                         ./Source/tasks.o
                                                  ./Source/event_groups.o
vCoRoutineAddToDelayedList                        ./Source/croutine.o
                                                  ./Source/queue.o
vCoRoutineSchedule                                ./Source/croutine.o
vEventGroupClearBitsCallback                      ./Source/event_groups.o
vEventGroupDelete                                 ./Source/event_groups.o
vEventGroupSetBitsCallback                        ./Source/event_groups.o
vListInitialise                                   ./Source/list.o
                                                  ./Source/tasks.o
                                                  ./Source/queue.o
                                                  ./Source/event_groups.o
                                                  ./Source/croutine.o
vListInitialiseItem                               ./Source/list.o
                                                  ./Source/tasks.o
                                                  ./Source/croutine.o
vListInsert                                       ./Source/list.o
                                                  ./Source/tasks.o
                                                  ./Source/croutine.o
vListInsertEnd                                    ./Source/list.o
                                                  ./Source/tasks.o
                                                  ./Source/croutine.o
vPortEndScheduler                                 ./Source/portable/GCC/ATMega323/port.o
                                                  ./Source/tasks.o
vPortFree                                         ./Source/portable/MemMang/heap_1.o
                                                  ./Source/tasks.o
                                                  ./Source/stream_buffer.o
                                                  ./Source/queue.o
                                                  ./Source/event_groups.o
vPortInitialiseBlocks                             ./Source/portable/MemMang/heap_1.o
vPortYield                                        ./Source/portable/GCC/ATMega323/port.o
                                                  ./Source/tasks.o
                                                  ./Source/queue.o
                                                  ./Source/event_groups.o
vPortYieldFromTick                                ./Source/portable/GCC/ATMega323/port.o
vQueueDelete                                      ./Source/queue.o
vStreamBufferDelete                               ./Source/stream_buffer.o
vTaskDelay                                        ./Source/tasks.o
                                                  ./main.o
vTaskDelayUntil                                   ./Source/tasks.o
vTaskDelete                                       ./Source/tasks.o
vTaskEndScheduler                                 ./Source/tasks.o
vTaskInternalSetTimeOutState                      ./Source/tasks.o
                                                  ./Source/queue.o
vTaskMissedYield                                  ./Source/tasks.o
                                                  ./Source/queue.o
vTaskNotifyGiveFromISR                            ./Source/tasks.o
vTaskPlaceOnEventList                             ./Source/tasks.o
                                                  ./Source/queue.o
vTaskPlaceOnUnorderedEventList                    ./Source/tasks.o
                                                  ./Source/event_groups.o
vTaskRemoveFromUnorderedEventList                 ./Source/tasks.o
                                                  ./Source/event_groups.o
vTaskSetTimeOutState                              ./Source/tasks.o
                                                  ./Source/stream_buffer.o
vTaskStartScheduler                               ./Source/tasks.o
                                                  ./main.o
vTaskSuspendAll                                   ./Source/tasks.o
                                                  ./Source/stream_buffer.o
                                                  ./Source/queue.o
                                                  ./Source/event_groups.o
                                                  ./Source/portable/MemMang/heap_1.o
vTaskSwitchContext                                ./Source/tasks.o
                                                  ./Source/portable/GCC/ATMega323/port.o
xCoRoutineCreate                                  ./Source/croutine.o
xCoRoutineRemoveFromEventList                     ./Source/croutine.o
                                                  ./Source/queue.o
xEventGroupClearBits                              ./Source/event_groups.o
xEventGroupCreate                                 ./Source/event_groups.o
xEventGroupGetBitsFromISR                         ./Source/event_groups.o
xEventGroupSetBits                                ./Source/event_groups.o
xEventGroupSync                                   ./Source/event_groups.o
xEventGroupWaitBits                               ./Source/event_groups.o
xPortGetFreeHeapSize                              ./Source/portable/MemMang/heap_1.o
xPortStartScheduler                               ./Source/portable/GCC/ATMega323/port.o
                                                  ./Source/tasks.o
xQueueCRReceive                                   ./Source/queue.o
xQueueCRReceiveFromISR                            ./Source/queue.o
xQueueCRSend                                      ./Source/queue.o
xQueueCRSendFromISR                               ./Source/queue.o
xQueueGenericCreate                               ./Source/queue.o
xQueueGenericReset                                ./Source/queue.o
xQueueGenericSend                                 ./Source/queue.o
xQueueGenericSendFromISR                          ./Source/queue.o
xQueueGiveFromISR                                 ./Source/queue.o
xQueueIsQueueEmptyFromISR                         ./Source/queue.o
xQueueIsQueueFullFromISR                          ./Source/queue.o
xQueuePeek                                        ./Source/queue.o
xQueuePeekFromISR                                 ./Source/queue.o
xQueueReceive                                     ./Source/queue.o
xQueueReceiveFromISR                              ./Source/queue.o
xQueueSemaphoreTake                               ./Source/queue.o
xStreamBufferBytesAvailable                       ./Source/stream_buffer.o
xStreamBufferGenericCreate                        ./Source/stream_buffer.o
xStreamBufferIsEmpty                              ./Source/stream_buffer.o
xStreamBufferIsFull                               ./Source/stream_buffer.o
xStreamBufferNextMessageLengthBytes               ./Source/stream_buffer.o
xStreamBufferReceive                              ./Source/stream_buffer.o
xStreamBufferReceiveCompletedFromISR              ./Source/stream_buffer.o
xStreamBufferReceiveFromISR                       ./Source/stream_buffer.o
xStreamBufferReset                                ./Source/stream_buffer.o
xStreamBufferSend                                 ./Source/stream_buffer.o
xStreamBufferSendCompletedFromISR                 ./Source/stream_buffer.o
xStreamBufferSendFromISR                          ./Source/stream_buffer.o
xStreamBufferSetTriggerLevel                      ./Source/stream_buffer.o
xStreamBufferSpacesAvailable                      ./Source/stream_buffer.o
xTaskCheckForTimeOut                              ./Source/tasks.o
                                                  ./Source/stream_buffer.o
                                                  ./Source/queue.o
xTaskCreate                                       ./Source/tasks.o
                                                  ./main.o
xTaskGenericNotify                                ./Source/tasks.o
                                                  ./Source/stream_buffer.o